<?xml version="1.0"?>
<rdf:RDF xmlns:flow="http://okfnpad.org/flow/0.1/"
         xmlns:rdf="http://www.w3.org/1999/02/22-rdf-syntax-ns#"
         xmlns:rdfs="http://www.w3.org/2000/01/rdf-schema#">

 START OF FILM
<flow:Map rdf:ID="n0o15">
    <flow:sparql><![CDATA[prefix bibo: <http://purl.org/ontology/bibo/> ASK { ?x a bibo:Film}]]></flow:sparql>
    <rdfs:domain rdf:resource="#n0" />
    <rdfs:range rdf:resource="#o15" />
  </flow:Map>


<flow:Map rdf:ID="n1o27">
    <flow:sparql><![CDATA[ prefix xsd: <http://www.w3.org/2001/XMLSchema#> prefix bibo: <http://purl.org/ontology/bibo/> prefix dc: <http://purl.org/dc/terms/> Ask { {  ?a a bibo:Film ; dc:issued ?b.  FILTER (year(xsd:dateTime(?b)) +170 < year(now()) )  } }]]></flow:sparql>
        <flow:assumption>"Assuming that dc:issued represents the date at which the Film was first communicated to the public and that the the producer, the principal director, the author of the screenplay, the author of the dialogue or the composer of the music specially created for use in the film could not have lived 100 years past the creation of the film"</flow:assumption>
    <rdfs:domain rdf:resource="#n1" />
    <rdfs:range rdf:resource="#o27" />
</flow:Map>

<flow:Map rdf:ID="n1o28">
    <flow:sparql-not><![CDATA[ prefix xsd: <http://www.w3.org/2001/XMLSchema#> prefix bibo: <http://purl.org/ontology/bibo/> prefix dc: <http://purl.org/dc/terms/> Ask { {  ?a a bibo:Film ; dc:issued ?b.  FILTER (year(xsd:dateTime(?b)) +170 < year(now()) )  } }]]></flow:sparql-not>
        <flow:assumption>"Assuming that dc:issued represents the date at which the Film was first communicated to the public and that the the producer, the principal director, the author of the screenplay, the author of the dialogue or the composer of the music specially created for use in the film could not have lived 100 years past the creation of the film"</flow:assumption>
    <rdfs:domain rdf:resource="#n1" />
    <rdfs:range rdf:resource="#o28" />
</flow:Map>



END OF FILM

START OF UNORIGONAL DATABASE

<flow:Map rdf:ID="n0o16">
    <flow:sparql><![CDATA[prefix bibo: <http://purl.org/ontology/bibo/> ASK { ?x a bibo:Collection}]]></flow:sparql>
    <flow:assumption>"Assuming that a bibo:Collection is a Database"</flow:assumption>
    <rdfs:domain rdf:resource="#n0" />
    <rdfs:range rdf:resource="#o16" />
  </flow:Map>

<flow:Map rdf:ID="n5o51">
       <flow:sparql><![CDATA[prefix foaf: <http://xmlns.com/foaf/0.1/> prefix bio: <http://purl.org/vocab/bio/0.1/> ASK { ?x a foaf:Agent ; bio:event ?y } ]]></flow:sparql>
        <flow:assumption>"Assuming that the right holder of a Database with no foaf:Agent bio:event is a firm or a company"</flow:assumption>
    <rdfs:domain rdf:resource="#n5" />
    <rdfs:range rdf:resource="#o51" />
</flow:Map>

<flow:Map rdf:ID="n3o39">
       <flow:sparql><![CDATA[ASK { } ]]></flow:sparql>
        <flow:assumption>"No information provided concerning the nationality of the right holder: assuming EEA."</flow:assumption>
    <rdfs:domain rdf:resource="#n3" />
    <rdfs:range rdf:resource="#o39" />
  </flow:Map>

<flow:Map rdf:ID="n4o45">
       <flow:sparql><![CDATA[ASK { } ]]></flow:sparql>
        <flow:assumption>"Publication on Bibliographica is evidence that the Database has been communicated to the public since it's last substantial change"</flow:assumption>
    <rdfs:domain rdf:resource="#n4" />
    <rdfs:range rdf:resource="#o45" />
  </flow:Map>

<flow:Map rdf:ID="n35o33">
        <flow:sparql><![CDATA[ prefix xsd: <http://www.w3.org/2001/XMLSchema#> prefix bibo: <http://purl.org/ontology/bibo/> prefix dc: <http://purl.org/dc/terms/> Ask { {  ?a a bibo:Collection ; dc:issued ?b.  FILTER (year(xsd:dateTime(?b)) +15 >  year(now()) )  } }]]></flow:sparql>
        <flow:assumption>"Assuming the dc:issued represents the date at which the Database was communicated to the public"</flow:assumption>
    <rdfs:domain rdf:resource="#n35" />
    <rdfs:range rdf:resource="#o33" />
  </flow:Map>


<flow:Map rdf:ID="n35o34">
        <flow:sparql-not><![CDATA[ prefix xsd: <http://www.w3.org/2001/XMLSchema#> prefix bibo: <http://purl.org/ontology/bibo/> prefix dc: <http://purl.org/dc/terms/> Ask { {  ?a a bibo:Collection ; dc:issued ?b.  FILTER (year(xsd:dateTime(?b)) +15 >  year(now()) )  } }]]></flow:sparql-not>
        <flow:assumption>"Assuming the dc:issued represents the date at which the Database was communicated to the public"</flow:assumption>
    <rdfs:domain rdf:resource="#n35" />
    <rdfs:range rdf:resource="#o34" />
  </flow:Map>


<flow:Map rdf:ID="n4o46">
       <flow:sparql-not><![CDATA[ASK { } ]]></flow:sparql-not>
        <flow:assumption>"Publication on Bibliographica is evidence that the Database has been communicated to the public since its last substantial change"</flow:assumption>
    <rdfs:domain rdf:resource="#n4" />
    <rdfs:range rdf:resource="#o46" />
  </flow:Map>

<flow:Map rdf:ID="n36o41">
        <flow:sparql><![CDATA[ prefix xsd: <http://www.w3.org/2001/XMLSchema#> prefix bibo: <http://purl.org/ontology/bibo/> prefix dc: <http://purl.org/dc/terms/> Ask { {  ?a a bibo:Collection ; dc:issued ?b.  FILTER (year(xsd:dateTime(?b)) +15 >  year(now()) )  } }]]></flow:sparql>
        <flow:assumption>"There is no metadata about dates of completion or substantial changes to a database so dc:issued is used in place of this data but this is almost certianly a bad assumption"</flow:assumption>
    <rdfs:domain rdf:resource="#n36" />
    <rdfs:range rdf:resource="#o41" />
  </flow:Map>


<flow:Map rdf:ID="n36o42">
        <flow:sparql-not><![CDATA[ prefix xsd: <http://www.w3.org/2001/XMLSchema#> prefix bibo: <http://purl.org/ontology/bibo/> prefix dc: <http://purl.org/dc/terms/> Ask { {  ?a a bibo:Collection ; dc:issued ?b.  FILTER (year(xsd:dateTime(?b)) +15 >  year(now()) )  } }]]></flow:sparql-not>
        <flow:assumption>"There is no metadata about dates of completion or substantial changes to a database so dc:issued is used in place of this data but this is almost certianly a bad assumption"</flow:assumption>
    <rdfs:domain rdf:resource="#n36" />
    <rdfs:range rdf:resource="#o42" />
  </flow:Map>



<flow:Map rdf:ID="n3o40">
       <flow:sparql-not><![CDATA[ASK { } ]]></flow:sparql-not>
        <flow:assumption>"No information provided concerning the nationality of the right holder: assuming EEA."</flow:assumption>
    <rdfs:domain rdf:resource="#n3" />
    <rdfs:range rdf:resource="#o40" />
  </flow:Map>


<flow:Map rdf:ID="n5o52">
       <flow:sparql-not><![CDATA[prefix foaf: <http://xmlns.com/foaf/0.1/> prefix bio: <http://purl.org/vocab/bio/0.1/> ASK { ?x a foaf:Agent ; bio:event ?y } ]]></flow:sparql-not>
        <flow:assumption>"Assuming that if the right holder of a Database is a foaf:Agent with a bio:event, it does not qualify as a firm or a company"</flow:assumption>
    <rdfs:domain rdf:resource="#n5" />
    <rdfs:range rdf:resource="#o52" />
  </flow:Map>

<flow:Map rdf:ID="n6o59">
       <flow:sparql><![CDATA[ASK { } ]]></flow:sparql>
        <flow:assumption>"No information provided concerning the country in which the database was formed: assuming EEA."</flow:assumption>
    <rdfs:domain rdf:resource="#n6" />
    <rdfs:range rdf:resource="#o59" />
  </flow:Map>

<flow:Map rdf:ID="n7o67">
       <flow:sparql><![CDATA[ASK { } ]]></flow:sparql>
        <flow:assumption>"No information provided concerning the country of the companies  registered office, central administration, or principal place of business: assuming EEA."</flow:assumption>
    <rdfs:domain rdf:resource="#n7" />
    <rdfs:range rdf:resource="#o67" />
  </flow:Map>

<flow:Map rdf:ID="n7o68">
       <flow:sparql-not><![CDATA[ASK { } ]]></flow:sparql-not>
        <flow:assumption>"No information provided concerning the country of the companies  registered office, central administration, or principal place of business: assuming EEA."</flow:assumption>
    <rdfs:domain rdf:resource="#n7" />
    <rdfs:range rdf:resource="#o68" />
  </flow:Map>

<flow:Map rdf:ID="n6o60">
       <flow:sparql-not><![CDATA[ASK { } ]]></flow:sparql-not>
        <flow:assumption>"No information provided concerning the country in which the database was formed: assuming EEA."</flow:assumption>
    <rdfs:domain rdf:resource="#n6" />
    <rdfs:range rdf:resource="#o60" />
  </flow:Map>

<flow:Map rdf:ID="n8o75">
       <flow:sparql><![CDATA[ASK { } ]]></flow:sparql>
        <flow:assumption>"No information provided concerning tIn which country does it have its registered office: assuming EEA"</flow:assumption>
    <rdfs:domain rdf:resource="#n8" />
    <rdfs:range rdf:resource="#o75" />
  </flow:Map>

<flow:Map rdf:ID="n9o3">
       <flow:sparql><![CDATA[ASK { } ]]></flow:sparql>
        <flow:assumption>"No information provided concerning whether its operations genuinely linked on an ongoing basis with the economy of an EEA state: assuming EEA"</flow:assumption>
    <rdfs:domain rdf:resource="#n9" />
    <rdfs:range rdf:resource="#o3" />
  </flow:Map>

<flow:Map rdf:ID="n9o2">
       <flow:sparql-not><![CDATA[ASK { } ]]></flow:sparql-not>
        <flow:assumption>"No information provided concerning whether its operations genuinely linked on an ongoing basis with the economy of an EEA state: assuming EEA"</flow:assumption>
    <rdfs:domain rdf:resource="#n9" />
    <rdfs:range rdf:resource="#o2" />
  </flow:Map>

<flow:Map rdf:ID="n8o76">
       <flow:sparql-not><![CDATA[ASK { } ]]></flow:sparql-not>
        <flow:assumption>"No information provided concerning tIn which country does it have its registered office: assuming EEA"</flow:assumption>
    <rdfs:domain rdf:resource="#n8" />
    <rdfs:range rdf:resource="#o76" />
  </flow:Map>


End of Databases

start of Broadcast

<flow:Map rdf:ID="n0o17">
    <flow:sparql><![CDATA[prefix bibo: <http://purl.org/ontology/bibo/> ASK { ?x a bibo:AudioVisualDocument }]]></flow:sparql>
    <flow:assumption>"Assuming that a broadcast is a bibo:AudioVisualDocument - THIS IS WRONG meta would need a broadcast tag to be filtered"</flow:assumption>
    <rdfs:domain rdf:resource="#n0" />
    <rdfs:range rdf:resource="#o17" />
  </flow:Map>

<flow:Map rdf:ID="n12o31">
       <flow:sparql><![CDATA[ prefix xsd: <http://www.w3.org/2001/XMLSchema#> prefix bibo: <http://purl.org/ontology/bibo/> prefix dc: <http://purl.org/dc/terms/> Ask { {  ?a a bibo:AudioVisualDocument ; dc:issued ?b.  FILTER (year(xsd:dateTime(?b)) +50 <  year(now()) )  } }]]></flow:sparql>
        <flow:assumption>"Assuming that dc:issued represents the date at which the programme was first broadcasted"</flow:assumption>
    <rdfs:domain rdf:resource="#n12" />
    <rdfs:range rdf:resource="#o31" />
  </flow:Map>


<flow:Map rdf:ID="n12o32">
       <flow:sparql-not><![CDATA[ prefix xsd: <http://www.w3.org/2001/XMLSchema#> prefix bibo: <http://purl.org/ontology/bibo/> prefix dc: <http://purl.org/dc/terms/> Ask { {  ?a a bibo:AudioVisualDocument ; dc:issued ?b.  FILTER (year(xsd:dateTime(?b)) +50 <  year(now()) )  } }]]></flow:sparql-not>
        <flow:assumption>"Assuming that dc:issued represents the date at which the programme was first broadcasted"</flow:assumption>
    <rdfs:domain rdf:resource="#n12" />
    <rdfs:range rdf:resource="#o32" />
  </flow:Map>
End of broadcast

 START OF PERFORMANCE 

<flow:Map rdf:ID="n0o18">
    <flow:sparql><![CDATA[ prefix bibo: <http://purl.org/ontology/bibo/> ASK { ?x a bibo:Performance}]]></flow:sparql>
    <rdfs:domain rdf:resource="#n0" />
    <rdfs:range rdf:resource="#o18" />
  </flow:Map>

<flow:Map rdf:ID="n13o37">
       <flow:sparql><![CDATA[ ASK { }]]></flow:sparql>
        <flow:assumption>"No information provided about the first communication of the Performance: assuming it has been communicated within 50 years from the date of the performance."</flow:assumption>
    <rdfs:domain rdf:resource="#n13" />
    <rdfs:range rdf:resource="#o37" />
  </flow:Map>

<flow:Map rdf:ID="n14o43">
       <flow:sparql><![CDATA[ prefix xsd: <http://www.w3.org/2001/XMLSchema#> prefix bibo: <http://purl.org/ontology/bibo/> prefix dc: <http://purl.org/dc/terms/> Ask { {  ?a a bibo:Performance ; dc:issued ?b.  FILTER (year(xsd:dateTime(?b)) +50 <  year(now()) )  } }]]></flow:sparql>
        <flow:assumption>"Assuming the dc:issued represents the date of first communication to the public"</flow:assumption>
    <rdfs:domain rdf:resource="#n14" />
    <rdfs:range rdf:resource="#o43" />
  </flow:Map>

<flow:Map rdf:ID="n14o44">
       <flow:sparql-not><![CDATA[ prefix xsd: <http://www.w3.org/2001/XMLSchema#> prefix bibo: <http://purl.org/ontology/bibo/> prefix dc: <http://purl.org/dc/terms/> Ask { {  ?a a bibo:Performance ; dc:issued ?b.  FILTER (year(xsd:dateTime(?b)) +50 <  year(now()) )  } }]]></flow:sparql-not>
        <flow:assumption>"Assuming the dc:issued represents the date of first communication to the public"</flow:assumption>
    <rdfs:domain rdf:resource="#n14" />
    <rdfs:range rdf:resource="#o44" />
  </flow:Map>

<flow:Map rdf:ID="n13o38">
       <flow:sparql-not><![CDATA[ ASK { }]]></flow:sparql-not>
        <flow:assumption>"No information provided about the first communication of the Performance: assuming it has been communicated within 50 years from the date of the performance."</flow:assumption>
    <rdfs:domain rdf:resource="#n13" />
    <rdfs:range rdf:resource="#o38" />
  </flow:Map>

<flow:Map rdf:ID="n15o49">
       <flow:sparql><![CDATA[ prefix xsd: <http://www.w3.org/2001/XMLSchema#> prefix bibo: <http://purl.org/ontology/bibo/> prefix dc: <http://purl.org/dc/terms/> Ask { {  ?a a bibo:Performance ; dc:issued ?b.  FILTER (year(xsd:dateTime(?b)) +50 <  year(now()) )  } }]]></flow:sparql>
        <flow:assumption>"Assuming the dc:issued represents the date the perfomance took place (which it does not in this case, more information is needed in the metadata for this to be answered properly)"</flow:assumption>
    <rdfs:domain rdf:resource="#n15" />
    <rdfs:range rdf:resource="#o49" />
  </flow:Map>
<flow:Map rdf:ID="n15o50">
       <flow:sparql-not><![CDATA[ prefix xsd: <http://www.w3.org/2001/XMLSchema#> prefix bibo: <http://purl.org/ontology/bibo/> prefix dc: <http://purl.org/dc/terms/> Ask { {  ?a a bibo:Performance ; dc:issued ?b.  FILTER (year(xsd:dateTime(?b)) +50 <  year(now()) )  } }]]></flow:sparql-not>
        <flow:assumption>"Assuming the dc:issued represents the date the perfomance took place (which it does not in this case, more information is needed in the metadata for this to be answered properly)"</flow:assumption>
    <rdfs:domain rdf:resource="#n15" />
    <rdfs:range rdf:resource="#o50" />
  </flow:Map>

END OF PERFOMANCE 

START OF PHONOGRAM

<flow:Map rdf:ID="n0o19">
    <flow:sparql><![CDATA[ prefix bibo: <http://purl.org/ontology/bibo/> ASK { ?x a bibo:AudioDocument }]]></flow:sparql>
    <rdfs:domain rdf:resource="#n0" />
    <rdfs:range rdf:resource="#o19" />
  </flow:Map>


<flow:Map rdf:ID="n16o57">
       <flow:sparql><![CDATA[ ASK { }]]></flow:sparql>
        <flow:assumption>"No information provided about the date of creation: assuming that the Phonogram has been communicated to the public within 50 years of its creation"</flow:assumption>
    <rdfs:domain rdf:resource="#n16" />
    <rdfs:range rdf:resource="#o57" />
  </flow:Map>
<flow:Map rdf:ID="n17o65">
       <flow:sparql><![CDATA[ prefix xsd: <http://www.w3.org/2001/XMLSchema#> prefix bibo: <http://purl.org/ontology/bibo/> prefix dc: <http://purl.org/dc/terms/> Ask { {  ?a a bibo:AudioDocument ; dc:issued ?b.  FILTER (year(xsd:dateTime(?b)) +50 <  year(now()) )  } }]]></flow:sparql>
        <flow:assumption>"Assuming that dc:issued represents the date of communication of the phonogram"</flow:assumption>
    <rdfs:domain rdf:resource="#n17" />
    <rdfs:range rdf:resource="#o65" />
  </flow:Map>


<flow:Map rdf:ID="n17o66">
       <flow:sparql-not><![CDATA[ prefix xsd: <http://www.w3.org/2001/XMLSchema#> prefix bibo: <http://purl.org/ontology/bibo/> prefix dc: <http://purl.org/dc/terms/> Ask { {  ?a a bibo:AudioDocument ; dc:issued ?b.  FILTER (year(xsd:dateTime(?b)) +50 <  year(now()) )  } }]]></flow:sparql-not>
        <flow:assumption>"Assuming that dc:issued represents the date of communication of the phonogram"</flow:assumption>
    <rdfs:domain rdf:resource="#n17" />
    <rdfs:range rdf:resource="#o66" />
  </flow:Map>

<flow:Map rdf:ID="n16o58">
       <flow:sparql-not><![CDATA[ ASK { }]]></flow:sparql-not>
        <flow:assumption>"No information provided about the date of creation: assuming that the Phonogram has been communicated to the public within 50 years of its creation"</flow:assumption>
    <rdfs:domain rdf:resource="#n16" />
    <rdfs:range rdf:resource="#o58" />
  </flow:Map>
<flow:Map rdf:ID="n18o73">
       <flow:sparql><![CDATA[ prefix xsd: <http://www.w3.org/2001/XMLSchema#> prefix bibo: <http://purl.org/ontology/bibo/> prefix dc: <http://purl.org/dc/terms/> Ask { {  ?a a bibo:AudioDocument ; dc:issued ?b.  FILTER (year(xsd:dateTime(?b)) +50 <  year(now()) )  } }]]></flow:sparql>
        <flow:assumption>"Assuming that dc:issued represents the date of creation of the phonogram(which in this case it will not more information is needed in the metadata to make a proper determination"</flow:assumption>
    <rdfs:domain rdf:resource="#n18" />
    <rdfs:range rdf:resource="#o73" />
  </flow:Map>


<flow:Map rdf:ID="n18o74">
       <flow:sparql-not><![CDATA[ prefix xsd: <http://www.w3.org/2001/XMLSchema#> prefix bibo: <http://purl.org/ontology/bibo/> prefix dc: <http://purl.org/dc/terms/> Ask { {  ?a a bibo:AudioDocument ; dc:issued ?b.  FILTER (year(xsd:dateTime(?b)) +50 <  year(now()) )  } }]]></flow:sparql-not>
        <flow:assumption>"Assuming that dc:issued represents the date of creation of the phonogram(which in this case it will not more information is needed in the metadata to make a proper determination"</flow:assumption>
    <rdfs:domain rdf:resource="#n18" />
    <rdfs:range rdf:resource="#o74" />
  </flow:Map>

End of PHONOGRAM

START of Literary or artistic work
 


<flow:Map rdf:ID="n0o20">
    <flow:sparql><![CDATA[prefix foaf: <http://xmlns.com/foaf/0.1/> prefix bibo: <http://purl.org/ontology/bibo/> ASK { ?x a foaf:Document; foaf:primaryTopic ?z . { ?z a bibo:Book } UNION { ?z a bibo:Document }  . }]]></flow:sparql>
    <flow:assumption>"Assuming that in the database of Bibliographica a literary/artistic work necessarily qualifies as either bibo:Book or bibo:Document"</flow:assumption>
    <rdfs:domain rdf:resource="#n0" />
    <rdfs:range rdf:resource="#o20" />
  </flow:Map>

<flow:Map rdf:ID="n20o9">
	<flow:sparql><![CDATA[ prefix xsd: <http://www.w3.org/2001/XMLSchema#> prefix skos: <http://www.w3.org/2004/02/skos/core#> prefix rdfs: <http://www.w3.org/2000/01/rdf-schema#>  prefix bibo: <http://purl.org/ontology/bibo/> prefix foaf: <http://xmlns.com/foaf/0.1/> ASK { { ?x a skos:Concept ;  skos:notation ?y . FILTER( xsd:float(?y) >= 340 && xsd:float(?y) < 350) }  } ]]></flow:sparql>
	<flow:assumption>"Assuming that the work is authored by a legal entity if it qualifies as a legal document as classified by dewey notation (is within the range of 340 - 349) Note: this dewey range contains documents which are not legal or composed by legal entities"</flow:assumption>
	<rdfs:domain rdf:resource="#n20" />
	<rdfs:range rdf:resource="#o9" />
</flow:Map>

<flow:Map rdf:ID="n21o13">
	<flow:sparql><![CDATA[ASK {}]]></flow:sparql>
	<flow:assumption>"Assuming that the author place of residence or nationality is EEA since no info is provided in the metadata"</flow:assumption>
	<rdfs:domain rdf:resource="#n21" />
	<rdfs:range rdf:resource="#o13" />
</flow:Map>

<flow:Map rdf:ID="n23o30">
	<flow:sparql><![CDATA[ASK {}]]></flow:sparql>
	<flow:assumption>"The presence of a work on bibliographica consitutes a communication to the public"</flow:assumption>
	<rdfs:domain rdf:resource="#n23" />
	<rdfs:range rdf:resource="#o30" />
</flow:Map>

<flow:Map rdf:ID="n27o55">
      <flow:sparql><![CDATA[ASK {}]]></flow:sparql>
        <flow:assumption>"No info provided about the date of first publication: assuming that the work was published within 70 years of the creation"</flow:assumption>
        <rdfs:domain rdf:resource="#n27" />
        <rdfs:range rdf:resource="#o55" />
</flow:Map>

<flow:Map rdf:ID="n29o71">
        <flow:sparql-not><![CDATA[ prefix xsd: <http://www.w3.org/2001/XMLSchema#> prefix bibo: <http://purl.org/ontology/bibo/> prefix dc: <http://purl.org/dc/terms/> Ask { {  ?a a bibo:Book} UNION {?a a bibo:Document}. ?a dc:issued ?b.  FILTER (year(xsd:dateTime(?b)) +70 <  year(now()) )  }]]></flow:sparql-not>
	<flow:assumption>"Assuming that the year of publication is the first publication of the work (probably wrong assumption?)"</flow:assumption>
        <rdfs:domain rdf:resource="#n29" />
        <rdfs:range rdf:resource="#o71" />
</flow:Map>

<flow:Map rdf:ID="n29o72">
        <flow:sparql><![CDATA[ prefix xsd: <http://www.w3.org/2001/XMLSchema#> prefix bibo: <http://purl.org/ontology/bibo/> prefix dc: <http://purl.org/dc/terms/> Ask { {  ?a a bibo:Book} UNION {?a a bibo:Document}. ?a dc:issued ?b.  FILTER (year(xsd:dateTime(?b)) +70 <  year(now()) )    }]]></flow:sparql>
	<flow:assumption>"Assuming that the year of publication is the first publication of the work (probably wrong assumption?)"</flow:assumption>
        <rdfs:domain rdf:resource="#n29" />
        <rdfs:range rdf:resource="#o72" />
</flow:Map>

<flow:Map rdf:ID="n27o56">
      <flow:sparql-not><![CDATA[ASK {}]]></flow:sparql-not>
        <flow:assumption>"No info provided about the date of first publication: assuming that the work was published within 70 years of the creation"</flow:assumption>
        <rdfs:domain rdf:resource="#n27" />
        <rdfs:range rdf:resource="#o56" />
</flow:Map>

<flow:Map rdf:ID="n30o0">
        <flow:sparql-not><![CDATA[ prefix xsd: <http://www.w3.org/2001/XMLSchema#> prefix bibo: <http://purl.org/ontology/bibo/> prefix dc: <http://purl.org/dc/terms/> Ask { {  ?a a bibo:Book} UNION {?a a bibo:Document}. ?a dc:issued ?b.  FILTER (year(xsd:dateTime(?b)) +25 <  year(now()) )   }]]></flow:sparql-not>
	<flow:assumption>"Assuming that the year of publication is the first publication of the work (probably wrong assumption?)"</flow:assumption>
        <rdfs:domain rdf:resource="#n30" />
        <rdfs:range rdf:resource="#o0" />
</flow:Map>

<flow:Map rdf:ID="n30o1">
        <flow:sparql><![CDATA[ prefix xsd: <http://www.w3.org/2001/XMLSchema#> prefix bibo: <http://purl.org/ontology/bibo/> prefix dc: <http://purl.org/dc/terms/> Ask { {  ?a a bibo:Book} UNION {?a a bibo:Document}. ?a dc:issued ?b.  FILTER (year(xsd:dateTime(?b)) +25 <  year(now()) )  } }]]></flow:sparql>
	<flow:assumption>"Assuming that the year of publication is the first publication of the work (probably wrong assumption?)"</flow:assumption>
        <rdfs:domain rdf:resource="#n30" />
        <rdfs:range rdf:resource="#o1" />
</flow:Map>

<flow:Map rdf:ID="n23o29">
	<flow:sparql-not><![CDATA[ASK {}]]></flow:sparql-not>
	<flow:assumption>"The presence of a work on bibliographica consitutes a communication to the public"</flow:assumption>
	<rdfs:domain rdf:resource="#n23" />
	<rdfs:range rdf:resource="#o29" />
</flow:Map>

<flow:Map rdf:ID="n28o63">
        <flow:sparql><![CDATA[ prefix xsd: <http://www.w3.org/2001/XMLSchema#> prefix bibo: <http://purl.org/ontology/bibo/> prefix dc: <http://purl.org/dc/terms/> Ask { {  ?a a bibo:Book} UNION {?a a bibo:Document}. ?a dc:issued ?b.  FILTER (year(xsd:dateTime(?b)) +70 <  year(now()) )   }]]></flow:sparql>
	<flow:assumption>"Assuming that the year of publication represents the creation of the work (probably wrong assumption?)"</flow:assumption>
        <rdfs:domain rdf:resource="#n28" />
        <rdfs:range rdf:resource="#o63" />
</flow:Map>

<flow:Map rdf:ID="n28o64">
        <flow:sparql-not><![CDATA[ prefix xsd: <http://www.w3.org/2001/XMLSchema#> prefix bibo: <http://purl.org/ontology/bibo/> prefix dc: <http://purl.org/dc/terms/> Ask { {  ?a a bibo:Book} UNION {?a a bibo:Document}. ?a dc:issued ?b.  FILTER (year(xsd:dateTime(?b)) +70 <  year(now()) )  }]]></flow:sparql-not>
	<flow:assumption>"Assuming that the year of publication represents the creation of the work (probably wrong assumption?)"</flow:assumption>
        <rdfs:domain rdf:resource="#n28" />
        <rdfs:range rdf:resource="#o64" />
</flow:Map>

<flow:Map rdf:ID="n21o14">
	<flow:sparql-not><![CDATA[ASK {}]]></flow:sparql-not>
	<flow:assumption>"Assuming that the author place of residence or nationality is EEA since no info is provided in the metadata"</flow:assumption>
	<rdfs:domain rdf:resource="#n21" />
	<rdfs:range rdf:resource="#o14" />
</flow:Map>


<flow:Map rdf:ID="n22o24">
	<flow:sparql-not><![CDATA[ASK {}]]></flow:sparql-not>
	<flow:assumption>"Assuming that the country of origin is EEA since no info is provided in the metadata (not berne trips is not considered due to rarity of the case"</flow:assumption>
	<rdfs:domain rdf:resource="#n22" />
	<rdfs:range rdf:resource="#o24" />
</flow:Map>



<flow:Map rdf:ID="n24o36">
	<flow:sparql-not><![CDATA[ASK {}]]></flow:sparql-not>
	<flow:assumption>"Assuming that the author place of residence or nationality is EEA since no info is provided in the metadata"</flow:assumption>
	<rdfs:domain rdf:resource="#n24" />
	<rdfs:range rdf:resource="#o36" />
</flow:Map>

<flow:Map rdf:ID="n24o35">
	<flow:sparql><![CDATA[ASK {}]]></flow:sparql>
	<flow:assumption>"Assuming that the author place of residence or nationality is EEA since no info is provided in the metadata"</flow:assumption>
	<rdfs:domain rdf:resource="#n24" />
	<rdfs:range rdf:resource="#o35" />
</flow:Map>

<flow:Map rdf:ID="n22o25">
	<flow:sparql><![CDATA[ASK {}]]></flow:sparql>
	<flow:assumption>"Assuming that the country of origin is EEA since no info is provided in the metadata (not berne trips is not considered due to rarity of the case"</flow:assumption>
	<rdfs:domain rdf:resource="#n22" />
	<rdfs:range rdf:resource="#o25" />
</flow:Map>

<flow:Map rdf:ID="n22o26">
	<flow:sparql-not><![CDATA[ASK {}]]></flow:sparql-not>
	<flow:assumption>"Assuming that the country of origin is EEA since no info is provided in the metadata (not berne trips is not considered due to rarity of the case"</flow:assumption>
	<rdfs:domain rdf:resource="#n22" />
	<rdfs:range rdf:resource="#o26" />
</flow:Map>

<flow:Map rdf:ID="n20o7">
	<flow:sparql-not><![CDATA[ASK {}]]></flow:sparql-not>
	<flow:assumption>"Assuming the work is not an Orphan work"</flow:assumption>
	<rdfs:domain rdf:resource="#n20" />
	<rdfs:range rdf:resource="#o7" />
</flow:Map>

<flow:Map rdf:ID="n20o8">
	<flow:sparql><![CDATA[prefix foaf: <http://xmlns.com/foaf/0.1/> prefix bio: <http://purl.org/vocab/bio/0.1/> ASK { ?x a foaf:Agent;  bio:event ?y  }]]></flow:sparql>
<flow:assumption>"Assuming that metadata containing a foaf:Agent with bio:event is authored by a natural person</flow:assumption>
	<rdfs:domain rdf:resource="#n20" />
	<rdfs:range rdf:resource="#o8" />
</flow:Map>

<flow:Map rdf:ID="n31o4">
	<flow:sparql-not><![CDATA[ASK {}]]></flow:sparql-not>
	<flow:assumption>"Assuming that the author's place of residence or nationality is EEA since no info is provided in the metadata"</flow:assumption>
	<rdfs:domain rdf:resource="#n31" />
	<rdfs:range rdf:resource="#o4" />
</flow:Map>



<flow:Map rdf:ID="n32o10">
	<flow:sparql-not><![CDATA[ASK {}]]></flow:sparql-not>
	<flow:assumption>"Assuming that the country of origin for the work is EEA"</flow:assumption>
	<rdfs:domain rdf:resource="#n32" />
	<rdfs:range rdf:resource="#o10" />
</flow:Map>


<flow:Map rdf:ID="n33o22">
	<flow:sparql><![CDATA[ASK {}]]></flow:sparql>
	<flow:assumption>"Assuming that thenationality or place of residence of the author is Berne Trips"</flow:assumption>
	<rdfs:domain rdf:resource="#n33" />
	<rdfs:range rdf:resource="#o22" />
</flow:Map>

<flow:Map rdf:ID="n33o23">
	<flow:sparql-not><![CDATA[ASK {}]]></flow:sparql-not>
	<flow:assumption>"Assuming that thenationality or place of residence of the author is Berne Trips"</flow:assumption>
	<rdfs:domain rdf:resource="#n33" />
	<rdfs:range rdf:resource="#o23" />
</flow:Map>


<flow:Map rdf:ID="n32o11">
	<flow:sparql-not><![CDATA[ASK {}]]></flow:sparql-not>
	<flow:assumption>"Assuming that the country of origin for the work is EEA"</flow:assumption>
	<rdfs:domain rdf:resource="#n32" />
	<rdfs:range rdf:resource="#o11" />
</flow:Map>


<flow:Map rdf:ID="n32o12">
	<flow:sparql><![CDATA[ASK {}]]></flow:sparql>
	<flow:assumption>"Assuming that the country of origin for the work is EEA"</flow:assumption>
	<rdfs:domain rdf:resource="#n32" />
	<rdfs:range rdf:resource="#o12" />
</flow:Map>

<flow:Map rdf:ID="n31o5">
	<flow:sparql><![CDATA[ASK {}]]></flow:sparql>
	<flow:assumption>"Assuming that the author's place of residence or nationality is EEA since no info is provided in the metadata"</flow:assumption>
	<rdfs:domain rdf:resource="#n31" />
	<rdfs:range rdf:resource="#o5" />
</flow:Map>


<flow:Map rdf:ID="n38o53">
	<flow:sparql-not><![CDATA[ASK {}]]></flow:sparql-not>
	<flow:assumption>"The presence of a work on bibliographica consitutes a communication to the public"</flow:assumption>
	<rdfs:domain rdf:resource="#n38" />
	<rdfs:range rdf:resource="#o53" />
</flow:Map>
<flow:Map rdf:ID="n37o48">
       <flow:sparql-not><![CDATA[prefix foaf: <http://xmlns.com/foaf/0.1/> prefix bio: <http://purl.org/vocab/bio/0.1/> prefix xsd: <http://www.w3.org/2001/XMLSchema#> prefix bibo: <http://purl.org/ontology/bibo/> prefix dc: <http://purl.org/dc/terms/> Ask { { ?x a bio:Birth ; bio:date ?y .  FILTER ( year(xsd:dateTime(?y)) +170 >  year(now()) ) } UNION {  ?c a bio:Death ; bio:date ?d . FILTER ( year(xsd:dateTime(?d)) +70 >   year(now()) ) } }]]></flow:sparql-not>
	<rdfs:domain rdf:resource="#n37" />
	<rdfs:range rdf:resource="#o48" />
</flow:Map>

<flow:Map rdf:ID="n37o47">
       <flow:sparql><![CDATA[prefix foaf: <http://xmlns.com/foaf/0.1/> prefix bio: <http://purl.org/vocab/bio/0.1/> prefix xsd: <http://www.w3.org/2001/XMLSchema#> prefix bibo: <http://purl.org/ontology/bibo/> prefix dc: <http://purl.org/dc/terms/> Ask { { ?x a bio:Birth ; bio:date ?y .  FILTER ( year(xsd:dateTime(?y)) +170 >  year(now()) ) } UNION {  ?c a bio:Death ; bio:date ?d . FILTER ( year(xsd:dateTime(?d)) +70 >   year(now()) ) } }]]></flow:sparql>
	<rdfs:domain rdf:resource="#n37" />
	<rdfs:range rdf:resource="#o47" />
</flow:Map>

<flow:Map rdf:ID="n38o54">
	<flow:sparql><![CDATA[ASK {}]]></flow:sparql>
	<flow:assumption>"The presence of a work on bibliographica consitutes a communication to the public"</flow:assumption>
	<rdfs:domain rdf:resource="#n38" />
	<rdfs:range rdf:resource="#o54" />
</flow:Map>

<flow:Map rdf:ID="n39o61">
       <flow:sparql-not><![CDATA[ASK {}]]></flow:sparql-not>
        <flow:assumption>"since No info provided about the date of first publication: assuming that the work was published within 70 years of the Death of the last surviving author"</flow:assumption>
	<rdfs:domain rdf:resource="#n39" />
	<rdfs:range rdf:resource="#o61" />
</flow:Map>

<flow:Map rdf:ID="n40o69">
        <flow:sparql><![CDATA[ prefix xsd: <http://www.w3.org/2001/XMLSchema#> prefix bibo: <http://purl.org/ontology/bibo/> prefix dc: <http://purl.org/dc/terms/> Ask { { ?a a bibo:Book } UNION { ?a a bibo:Document }. ?a dc:issued ?b.  FILTER (year(xsd:dateTime(?b)) +25 <  year(now()) )   }]]></flow:sparql>
	<flow:assumption>"Assuming that the year of publication is the first publication of the work (probably wrong assumption?)"</flow:assumption>
        <rdfs:domain rdf:resource="#n40" />
        <rdfs:range rdf:resource="#o69" />
</flow:Map>

<flow:Map rdf:ID="n40o70">
        <flow:sparql-not><![CDATA[ prefix xsd: <http://www.w3.org/2001/XMLSchema#> prefix bibo: <http://purl.org/ontology/bibo/> prefix dc: <http://purl.org/dc/terms/> Ask { {{ ?a a bibo:Book } UNION { ?a a bibo:Document }}. ?a dc:issued ?b.  FILTER (year(xsd:dateTime(?b)) +25 <  year(now()) )   }]]></flow:sparql-not>
	<flow:assumption>"Assuming that the year of publication is the first publication of the work (probably wrong assumption?)"</flow:assumption>
        <rdfs:domain rdf:resource="#n40" />
        <rdfs:range rdf:resource="#o70" />
</flow:Map>


<flow:Map rdf:ID="n39o62">
	<flow:sparql><![CDATA[ASK {}]]></flow:sparql>
	<flow:assumption>"since No info provided about the date of first publication: assuming that the work was published within 70 years of the Death of the last surviving author"</flow:assumption>
	<rdfs:domain rdf:resource="#n39" />
	<rdfs:range rdf:resource="#o62" />
</flow:Map>

<flow:Map rdf:ID="n20o6">
	<flow:sparql-not><![CDATA[prefix foaf: <http://xmlns.com/foaf/0.1/> prefix xsd: <http://www.w3.org/2001/XMLSchema#> prefix bio: <http://purl.org/vocab/bio/0.1/> prefix skos: <http://www.w3.org/2004/02/skos/core#> ASK { ?x a foaf:Agent;  bio:event ?y. ?a a skos:Concept ;  skos:notation ?b . FILTER( xsd:float(?b) >= 340 && xsd:float(?b) < 350)   }]]></flow:sparql-not>
<flow:assumption>"Assuming that metadata that doesn't contain a foaf:Agent with bio:event is anonymous and that if it does not fall into the category of dewey decimal for legal it is not composed by a legal enitity."</flow:assumption>
	<rdfs:domain rdf:resource="#n20" />
	<rdfs:range rdf:resource="#o6" />
</flow:Map>




END OF LITERARY SECTION ALL MAPPED

STart of euro coin of banknote



<flow:Map rdf:ID="n0o21">
    <flow:sparql><![CDATA[prefix bibo: <http://purl.org/ontology/bibo/> ASK { ?x a bibo:Money}]]></flow:sparql>
<flow:assumption>"Assuming bibo:Money represents a superclass of euro banknotes and money if such metadata were to be made avaialable."</flow:assumption>
    <rdfs:domain rdf:resource="#n0" />
    <rdfs:range rdf:resource="#o21" />


  </flow:Map>
End of euro banknote
<rdf:Description> This document is licensed under Creative Commons Attribution-ShareAlike 3.0 Netherlands License. You are free to distribute and build upon this work even for commercial purposes, as long as you credit outofcopyright.eu and license derivative works under identical terms. </rdf:Description>


</rdf:RDF>
