<?xml version="1.0"?>
<rdf:RDF xmlns:flow="http://okfnpad.org/flow/0.1/"
         xmlns:rdf="http://www.w3.org/1999/02/22-rdf-syntax-ns#"
         xmlns:rdfs="http://www.w3.org/2000/01/rdf-schema#">

Start of film

<flow:Map rdf:ID="n0o89">
    <flow:sparql><![CDATA[prefix bibo: <http://purl.org/ontology/bibo/> ASK { ?x a bibo:Film}]]></flow:sparql>
    <rdfs:domain rdf:resource="#n0" />
    <rdfs:range rdf:resource="#o89" />
  </flow:Map>


<flow:Map rdf:ID="n1o101">
    	 <flow:sparql><![CDATA[ASK {}]]></flow:sparql>
	<flow:assumption>"there is no information as to whether the film was first published whithin 50 years of the first fixation the of the film... assuming that it was"</flow:assumption>
    <rdfs:domain rdf:resource="#n1" />
    <rdfs:range rdf:resource="#o101" />
  </flow:Map>

<flow:Map rdf:ID="n2o109">
    <flow:sparql><![CDATA[ prefix xsd: <http://www.w3.org/2001/XMLSchema#> prefix bibo: <http://purl.org/ontology/bibo/> prefix dc: <http://purl.org/dc/terms/> Ask { {  ?a a bibo:Film ; dc:issued ?b.  FILTER (year(xsd:dateTime(?b)) +50 < year(now()) )  } }]]></flow:sparql>
        <flow:assumption>"Assuming that dc:issued represents the date at which the Film was first published"</flow:assumption>
    <rdfs:domain rdf:resource="#n2" />
    <rdfs:range rdf:resource="#o109" />
</flow:Map>


<flow:Map rdf:ID="n2o110">
    <flow:sparql-not><![CDATA[ prefix xsd: <http://www.w3.org/2001/XMLSchema#> prefix bibo: <http://purl.org/ontology/bibo/> prefix dc: <http://purl.org/dc/terms/> Ask { {  ?a a bibo:Film ; dc:issued ?b.  FILTER (year(xsd:dateTime(?b)) +50 < year(now()) )  } }]]></flow:sparql-not>
        <flow:assumption>"Assuming that dc:issued represents the date at which the Film was first made public"</flow:assumption>
    <rdfs:domain rdf:resource="#n2" />
    <rdfs:range rdf:resource="#o110" />
</flow:Map>

<flow:Map rdf:ID="n1o102">
    	 <flow:sparql-not><![CDATA[ASK {}]]></flow:sparql-not>
	<flow:assumption>"there is no information as to whether the film was first published whithin 50 years of the first fixation the of the film... assuming that it was"</flow:assumption>
    <rdfs:domain rdf:resource="#n1" />
    <rdfs:range rdf:resource="#o39" />
  </flow:Map>
<flow:Map rdf:ID="n5o131">
    <flow:sparql><![CDATA[ prefix xsd: <http://www.w3.org/2001/XMLSchema#> prefix bibo: <http://purl.org/ontology/bibo/> prefix dc: <http://purl.org/dc/terms/> Ask { {  ?a a bibo:Film ; dc:issued ?b.  FILTER (year(xsd:dateTime(?b)) +50 < year(now()) )  } }]]></flow:sparql>
        <flow:assumption>"Assuming that dc:issued represents the date at which the Film was first fixated"</flow:assumption>
    <rdfs:domain rdf:resource="#n5" />
    <rdfs:range rdf:resource="#o131" />
</flow:Map>


<flow:Map rdf:ID="n5o132">
    <flow:sparql-not><![CDATA[ prefix xsd: <http://www.w3.org/2001/XMLSchema#> prefix bibo: <http://purl.org/ontology/bibo/> prefix dc: <http://purl.org/dc/terms/> Ask { {  ?a a bibo:Film ; dc:issued ?b.  FILTER (year(xsd:dateTime(?b)) +50 < year(now()) )  } }]]></flow:sparql-not>
        <flow:assumption>"Assuming that dc:issued represents the date at which the Film was first fixated"</flow:assumption>
    <rdfs:domain rdf:resource="#n5" />
    <rdfs:range rdf:resource="#o132" />
</flow:Map>

END OF FILM



START OF UNORIGONAL DATABASE

<flow:Map rdf:ID="n0o90">
    <flow:sparql><![CDATA[prefix bibo: <http://purl.org/ontology/bibo/> ASK { ?x a bibo:Collection}]]></flow:sparql>
    <flow:assumption>"Assuming that a bibo:Collection is a Database"</flow:assumption>
    <rdfs:domain rdf:resource="#n0" />
    <rdfs:range rdf:resource="#o90" />
  </flow:Map>

<flow:Map rdf:ID="n8o160">
       <flow:sparql><![CDATA[prefix foaf: <http://xmlns.com/foaf/0.1/> prefix bio: <http://purl.org/vocab/bio/0.1/> ASK { ?x a foaf:Agent ; bio:event ?y } ]]></flow:sparql>
        <flow:assumption>"Assuming that the right holder of a Database with a foaf:Agent bio:event is a not a firm or a company"</flow:assumption>
    <rdfs:domain rdf:resource="#n8" />
    <rdfs:range rdf:resource="#o160" />
</flow:Map>

<flow:Map rdf:ID="n6o141">
       <flow:sparql><![CDATA[ASK { } ]]></flow:sparql>
        <flow:assumption>"No information provided concerning the nationality of the right holder: assuming EEA."</flow:assumption>
    <rdfs:domain rdf:resource="#n6" />
    <rdfs:range rdf:resource="#o141" />
  </flow:Map>

<flow:Map rdf:ID="n7o150">
       <flow:sparql><![CDATA[ASK { } ]]></flow:sparql>
        <flow:assumption>"Publication on Bibliographica is evidence that the Database has been communicated to the public since it's last substantial change"</flow:assumption>
    <rdfs:domain rdf:resource="#n7" />
    <rdfs:range rdf:resource="#o150" />
  </flow:Map>

<flow:Map rdf:ID="n37o8">
        <flow:sparql><![CDATA[ prefix xsd: <http://www.w3.org/2001/XMLSchema#> prefix bibo: <http://purl.org/ontology/bibo/> prefix dc: <http://purl.org/dc/terms/> Ask { {  ?a a bibo:Collection ; dc:issued ?b.  FILTER (year(xsd:dateTime(?b)) +15 >  year(now()) )  } }]]></flow:sparql>
        <flow:assumption>"Assuming the dc:issued represents the date at which the Database was communicated to the public"</flow:assumption>
    <rdfs:domain rdf:resource="#n37" />
    <rdfs:range rdf:resource="#o8" />
  </flow:Map>


<flow:Map rdf:ID="n37o9">
        <flow:sparql-not><![CDATA[ prefix xsd: <http://www.w3.org/2001/XMLSchema#> prefix bibo: <http://purl.org/ontology/bibo/> prefix dc: <http://purl.org/dc/terms/> Ask { {  ?a a bibo:Collection ; dc:issued ?b.  FILTER (year(xsd:dateTime(?b)) +15 >  year(now()) )  } }]]></flow:sparql-not>
        <flow:assumption>"Assuming the dc:issued represents the date at which the Database was communicated to the public"</flow:assumption>
    <rdfs:domain rdf:resource="#n37" />
    <rdfs:range rdf:resource="#o9" />
  </flow:Map>


<flow:Map rdf:ID="n7o151">
       <flow:sparql-not><![CDATA[ASK { } ]]></flow:sparql-not>
        <flow:assumption>"Publication on Bibliographica is evidence that the Database has been communicated to the public since its last substantial change"</flow:assumption>
    <rdfs:domain rdf:resource="#n7" />
    <rdfs:range rdf:resource="#o151" />
  </flow:Map>

<flow:Map rdf:ID="n38o16">
        <flow:sparql><![CDATA[ prefix xsd: <http://www.w3.org/2001/XMLSchema#> prefix bibo: <http://purl.org/ontology/bibo/> prefix dc: <http://purl.org/dc/terms/> Ask { {  ?a a bibo:Collection ; dc:issued ?b.  FILTER (year(xsd:dateTime(?b)) +15 >  year(now()) )  } }]]></flow:sparql>
        <flow:assumption>"There is no metadata about dates of completion or substantial changes to a database so dc:issued is used in place of this data but this is almost certianly a bad assumption"</flow:assumption>
    <rdfs:domain rdf:resource="#n38" />
    <rdfs:range rdf:resource="#o16" />
  </flow:Map>


<flow:Map rdf:ID="n38o17">
        <flow:sparql-not><![CDATA[ prefix xsd: <http://www.w3.org/2001/XMLSchema#> prefix bibo: <http://purl.org/ontology/bibo/> prefix dc: <http://purl.org/dc/terms/> Ask { {  ?a a bibo:Collection ; dc:issued ?b.  FILTER (year(xsd:dateTime(?b)) +15 >  year(now()) )  } }]]></flow:sparql-not>
        <flow:assumption>"There is no metadata about dates of completion or substantial changes to a database so dc:issued is used in place of this data but this is almost certianly a bad assumption"</flow:assumption>
    <rdfs:domain rdf:resource="#n38" />
    <rdfs:range rdf:resource="#o17" />
  </flow:Map>



<flow:Map rdf:ID="n6o142">
       <flow:sparql-not><![CDATA[ASK { } ]]></flow:sparql-not>
        <flow:assumption>"No information provided concerning the nationality of the right holder: assuming EEA."</flow:assumption>
    <rdfs:domain rdf:resource="#n6" />
    <rdfs:range rdf:resource="#o142" />
  </flow:Map>


<flow:Map rdf:ID="n8o161">
       <flow:sparql-not><![CDATA[prefix foaf: <http://xmlns.com/foaf/0.1/> prefix bio: <http://purl.org/vocab/bio/0.1/> ASK { ?x a foaf:Agent ; bio:event ?y } ]]></flow:sparql-not>
        <flow:assumption>"Assuming that if the right holder of a Database is a foaf:Agent with a bio:event, it is a firm or a company"</flow:assumption>
    <rdfs:domain rdf:resource="#n8" />
    <rdfs:range rdf:resource="#o161" />
  </flow:Map>

<flow:Map rdf:ID="n9o12">
       <flow:sparql><![CDATA[ASK { } ]]></flow:sparql>
        <flow:assumption>"No information provided concerning the country in which the database was formed: assuming EEA."</flow:assumption>
    <rdfs:domain rdf:resource="#n9" />
    <rdfs:range rdf:resource="#o12" />
  </flow:Map>

<flow:Map rdf:ID="n10o115">
       <flow:sparql><![CDATA[ASK { } ]]></flow:sparql>
        <flow:assumption>"No information provided concerning the country of the companies  registered office, central administration, or principal place of business: assuming EEA."</flow:assumption>
    <rdfs:domain rdf:resource="#n10" />
    <rdfs:range rdf:resource="#o115" />
  </flow:Map>

<flow:Map rdf:ID="n10o116">
       <flow:sparql-not><![CDATA[ASK { } ]]></flow:sparql-not>
        <flow:assumption>"No information provided concerning the country of the companies  registered office, central administration, or principal place of business: assuming EEA."</flow:assumption>
    <rdfs:domain rdf:resource="#n10" />
    <rdfs:range rdf:resource="#o116" />
  </flow:Map>


<flow:Map rdf:ID="n9o13">
       <flow:sparql-not><![CDATA[ASK { } ]]></flow:sparql-not>
        <flow:assumption>"No information provided concerning the country in which the database was formed: assuming EEA."</flow:assumption>
    <rdfs:domain rdf:resource="#n9" />
    <rdfs:range rdf:resource="#o13" />
  </flow:Map>

<flow:Map rdf:ID="n11o123">
       <flow:sparql><![CDATA[ASK { } ]]></flow:sparql>
        <flow:assumption>"No information provided concerning In which country does it have its registered office: assuming EEA"</flow:assumption>
    <rdfs:domain rdf:resource="#n11" />
    <rdfs:range rdf:resource="#o123" />
  </flow:Map>
0
<flow:Map rdf:ID="n12o133">
       <flow:sparql-not><![CDATA[ASK { } ]]></flow:sparql-not>
        <flow:assumption>"No information provided concerning whether its operations genuinely linked on an ongoing basis with the economy of an EEA state: assuming EEA"</flow:assumption>
    <rdfs:domain rdf:resource="#n12" />
    <rdfs:range rdf:resource="#o133" />
  </flow:Map>

<flow:Map rdf:ID="n12o134">
       <flow:sparql><![CDATA[ASK { } ]]></flow:sparql>
        <flow:assumption>"No information provided concerning whether its operations genuinely linked on an ongoing basis with the economy of an EEA state: assuming EEA"</flow:assumption>
    <rdfs:domain rdf:resource="#n12" />
    <rdfs:range rdf:resource="#o134" />
  </flow:Map>

<flow:Map rdf:ID="n11o124">
       <flow:sparql-not><![CDATA[ASK { } ]]></flow:sparql-not>
        <flow:assumption>"No information provided concerning In which country does it have its registered office: assuming EEA"</flow:assumption>
    <rdfs:domain rdf:resource="#n11" />
    <rdfs:range rdf:resource="#o124" />
  </flow:Map>


End of Databases

start of Broadcast

<flow:Map rdf:ID="n0o91">
    <flow:sparql><![CDATA[prefix bibo: <http://purl.org/ontology/bibo/> ASK { ?x a bibo:Broadcast }]]></flow:sparql>
    <flow:assumption>"Assuming that a broadcast is a bibo:Broadcast - THIS IS WRONG meta would need a broadcast tag to be filtered"</flow:assumption>
    <rdfs:domain rdf:resource="#n0" />
    <rdfs:range rdf:resource="#o91" />
  </flow:Map>

<flow:Map rdf:ID="n14o152">
       <flow:sparql><![CDATA[ prefix xsd: <http://www.w3.org/2001/XMLSchema#> prefix bibo: <http://purl.org/ontology/bibo/> prefix dc: <http://purl.org/dc/terms/> Ask { {  ?a a bibo:AudioVisualDocument ; dc:issued ?b.  FILTER (year(xsd:dateTime(?b)) +25 <  year(now()) )  } }]]></flow:sparql>
        <flow:assumption>"Assuming that dc:issued represents the date at which the programme was first broadcasted"</flow:assumption>
    <rdfs:domain rdf:resource="#n14" />
    <rdfs:range rdf:resource="#o152" />
  </flow:Map>


<flow:Map rdf:ID="n14o153">
       <flow:sparql-not><![CDATA[ prefix xsd: <http://www.w3.org/2001/XMLSchema#> prefix bibo: <http://purl.org/ontology/bibo/> prefix dc: <http://purl.org/dc/terms/> Ask { {  ?a a bibo:AudioVisualDocument ; dc:issued ?b.  FILTER (year(xsd:dateTime(?b)) +25 <  year(now()) )  } }]]></flow:sparql-not>
        <flow:assumption>"Assuming that dc:issued represents the date at which the programme was first broadcasted"</flow:assumption>
    <rdfs:domain rdf:resource="#n14" />
    <rdfs:range rdf:resource="#o153" />
  </flow:Map>

End of broadcast

START OF PERFORMANCE 
<flow:Map rdf:ID="n0o92">
    <flow:sparql><![CDATA[ prefix bibo: <http://purl.org/ontology/bibo/> ASK { ?x a bibo:Performance}]]></flow:sparql>
    <rdfs:domain rdf:resource="#n0" />
    <rdfs:range rdf:resource="#o92" />
  </flow:Map>

<flow:Map rdf:ID="n15o162">
       <flow:sparql><![CDATA[ ASK { }]]></flow:sparql>
        <flow:assumption>"No information provided about the first communication of the Performance: assuming it has been communicated within 50 years from the date of the performance."</flow:assumption>
    <rdfs:domain rdf:resource="#n15" />
    <rdfs:range rdf:resource="#o162" />
  </flow:Map>

<flow:Map rdf:ID="n16o6">
       <flow:sparql><![CDATA[ prefix xsd: <http://www.w3.org/2001/XMLSchema#> prefix bibo: <http://purl.org/ontology/bibo/> prefix dc: <http://purl.org/dc/terms/> Ask { {  ?a a bibo:Performance ; dc:issued ?b.  FILTER (year(xsd:dateTime(?b)) +50 <  year(now()) )  } }]]></flow:sparql>
        <flow:assumption>"Assuming the dc:issued represents the date of first communication or to the public or publishing date of the fixation"</flow:assumption>
    <rdfs:domain rdf:resource="#n16" />
    <rdfs:range rdf:resource="#o6" />
  </flow:Map>

<flow:Map rdf:ID="n16o7">
       <flow:sparql-not><![CDATA[ prefix xsd: <http://www.w3.org/2001/XMLSchema#> prefix bibo: <http://purl.org/ontology/bibo/> prefix dc: <http://purl.org/dc/terms/> Ask { {  ?a a bibo:Performance ; dc:issued ?b.  FILTER (year(xsd:dateTime(?b)) +50 <  year(now()) )  } }]]></flow:sparql-not>
        <flow:assumption>"AAssuming the dc:issued represents the date of first communication or to the public or publishing date of the fixation"</flow:assumption>
    <rdfs:domain rdf:resource="#n16" />
    <rdfs:range rdf:resource="#o7" />
  </flow:Map>

<flow:Map rdf:ID="n15o163">
       <flow:sparql-not><![CDATA[ ASK { }]]></flow:sparql-not>
        <flow:assumption>"No information provided about the first communication of the Performance: assuming it has been communicated within 50 years from the date of the performance."</flow:assumption>
    <rdfs:domain rdf:resource="#n15" />
    <rdfs:range rdf:resource="#o163" />
  </flow:Map>

<flow:Map rdf:ID="n17o14">
       <flow:sparql><![CDATA[ prefix xsd: <http://www.w3.org/2001/XMLSchema#> prefix bibo: <http://purl.org/ontology/bibo/> prefix dc: <http://purl.org/dc/terms/> Ask { {  ?a a bibo:Performance ; dc:issued ?b.  FILTER (year(xsd:dateTime(?b)) +50 <  year(now()) )  } }]]></flow:sparql>
        <flow:assumption>"Assuming the dc:issued represents the date the perfomance took place (which it does not in this case, more information is needed in the metadata for this to be answered properly)"</flow:assumption>
    <rdfs:domain rdf:resource="#n17" />
    <rdfs:range rdf:resource="#o14" />
  </flow:Map>

<flow:Map rdf:ID="n17o15">
       <flow:sparql-not><![CDATA[ prefix xsd: <http://www.w3.org/2001/XMLSchema#> prefix bibo: <http://purl.org/ontology/bibo/> prefix dc: <http://purl.org/dc/terms/> Ask { {  ?a a bibo:Performance ; dc:issued ?b.  FILTER (year(xsd:dateTime(?b)) +50 <  year(now()) )  } }]]></flow:sparql-not>
        <flow:assumption>"Assuming the dc:issued represents the date the perfomance took place (which it does not in this case, more information is needed in the metadata for this to be answered properly)"</flow:assumption>
    <rdfs:domain rdf:resource="#n17" />
    <rdfs:range rdf:resource="#o15" />
  </flow:Map>

END OF PERFOMANCE


START OF PHONOGRAM

<flow:Map rdf:ID="n0o93">
    <flow:sparql><![CDATA[ prefix bibo: <http://purl.org/ontology/bibo/> ASK { ?x a bibo:AudioDocument }]]></flow:sparql>
    <rdfs:domain rdf:resource="#n0" />
    <rdfs:range rdf:resource="#o93" />
  </flow:Map>


<flow:Map rdf:ID="n18o22">
       <flow:sparql><![CDATA[ ASK { }]]></flow:sparql>
        <flow:assumption>"No information provided about the date of creation: assuming that the Phonogram has been published within 50 years of its creation"</flow:assumption>
    <rdfs:domain rdf:resource="#n18" />
    <rdfs:range rdf:resource="#o22" />
  </flow:Map>

<flow:Map rdf:ID="n19o34">
       <flow:sparql><![CDATA[ prefix xsd: <http://www.w3.org/2001/XMLSchema#> prefix bibo: <http://purl.org/ontology/bibo/> prefix dc: <http://purl.org/dc/terms/> Ask { {  ?a a bibo:AudioDocument ; dc:issued ?b.  FILTER (year(xsd:dateTime(?b)) +50 <  year(now()) )  } }]]></flow:sparql>
        <flow:assumption>"Assuming that dc:issued represents the date the phonogram was first published"</flow:assumption>
    <rdfs:domain rdf:resource="#n19" />
    <rdfs:range rdf:resource="#o34" />
  </flow:Map>


<flow:Map rdf:ID="n19o35">
       <flow:sparql-not><![CDATA[ prefix xsd: <http://www.w3.org/2001/XMLSchema#> prefix bibo: <http://purl.org/ontology/bibo/> prefix dc: <http://purl.org/dc/terms/> Ask { {  ?a a bibo:AudioDocument ; dc:issued ?b.  FILTER (year(xsd:dateTime(?b)) +50 <  year(now()) )  } }]]></flow:sparql-not>
        <flow:assumption>"Assuming that dc:issued represents the date the phonogram was first published"</flow:assumption>
    <rdfs:domain rdf:resource="#n19" />
    <rdfs:range rdf:resource="#o35" />
  </flow:Map>

<flow:Map rdf:ID="n18o23">
       <flow:sparql-not><![CDATA[ ASK { }]]></flow:sparql-not>
        <flow:assumption>"No information provided about the date of creation: assuming that the Phonogram has been published within 50 years of its creation"</flow:assumption>
    <rdfs:domain rdf:resource="#n18" />
    <rdfs:range rdf:resource="#o23" />
  </flow:Map>


<flow:Map rdf:ID="n20o32">
       <flow:sparql-not><![CDATA[ prefix xsd: <http://www.w3.org/2001/XMLSchema#> prefix bibo: <http://purl.org/ontology/bibo/> prefix dc: <http://purl.org/dc/terms/> Ask { {  ?a a bibo:AudioDocument ; dc:issued ?b.  FILTER (year(xsd:dateTime(?b)) +50 <  year(now()) )  } }]]></flow:sparql-not>
        <flow:assumption>"Assuming that dc:issued represents the date the phonogram was first communicated to the public(which in this case it will not, more information is needed in the metadata to make a proper determination)"</flow:assumption>
    <rdfs:domain rdf:resource="#n20" />
    <rdfs:range rdf:resource="#o32" />
  </flow:Map>

<flow:Map rdf:ID="n20o33">
       <flow:sparql><![CDATA[ prefix xsd: <http://www.w3.org/2001/XMLSchema#> prefix bibo: <http://purl.org/ontology/bibo/> prefix dc: <http://purl.org/dc/terms/> Ask { {  ?a a bibo:AudioDocument ; dc:issued ?b.  FILTER (year(xsd:dateTime(?b)) +50 <  year(now()) )  } }]]></flow:sparql>
        <flow:assumption>"Assuming that dc:issued represents the date the phonogram was first communicated to the public (which in this case it will not, more information is needed in the metadata to make a proper determination)"</flow:assumption>
    <rdfs:domain rdf:resource="#n20" />
    <rdfs:range rdf:resource="#o33" />
  </flow:Map>






End of PHONOGRAM


START OF LITERARY ARTISTIC 

 <flow:Map rdf:ID="n0o94">
    <flow:sparql><![CDATA[prefix foaf: <http://xmlns.com/foaf/0.1/> prefix bibo: <http://purl.org/ontology/bibo/> prefix skos: <http://www.w3.org/2004/02/skos/core#> prefix xsd: <http://www.w3.org/2001/XMLSchema#> ASK {  { ?a a bibo:Book } UNION { ?a a bibo:Document }UNION { ?a a bibo:AudioVisualDocument } UNION { ?a a bibo:Photo}.}]]></flow:sparql>
    <flow:assumption>"Assuming that in the database of Bibliographica a literary/artistic work necessarily qualifies as either bibo:Book or bibo:Document"</flow:assumption>
    <rdfs:domain rdf:resource="#n0" />
    <rdfs:range rdf:resource="#o94" />
  </flow:Map>

<flow:Map rdf:ID="n80o0">
	<flow:sparql><![CDATA[ prefix xsd: <http://www.w3.org/2001/XMLSchema#> prefix skos: <http://www.w3.org/2004/02/skos/core#> ASK { { ?x skos:notation ?y . FILTER( xsd:float(?y) >= 340 && xsd:float(?y) < 350) } }]]></flow:sparql>
	<flow:assumption>"Assuming that the work is  an official document if it falls within the dewey classification range of 340-350"</flow:assumption>
	<rdfs:domain rdf:resource="#n80" />
	<rdfs:range rdf:resource="#o0" />
</flow:Map>

<flow:Map rdf:ID="n80o1">
	<flow:sparql-not><![CDATA[ASK {}]]></flow:sparql-not>
	<flow:assumption>"Assuming that the work is  not An official symbol of the State, a public authority or organization, such as an armorial bearing, seal, flag, emblem, shield, badge or medal and if it is it will fall within the dewey classification range of 340-350"</flow:assumption>
	<rdfs:domain rdf:resource="#n80" />
	<rdfs:range rdf:resource="#o1" />
</flow:Map>

<flow:Map rdf:ID="n80o2">
	<flow:sparql-not><![CDATA[ASK {}]]></flow:sparql-not>
	<flow:assumption>"Assuming that the work is  not a means of payment and if it is, it will fall within the dewey classification range of 340-350"</flow:assumption>
	<rdfs:domain rdf:resource="#n80" />
	<rdfs:range rdf:resource="#o2" />
</flow:Map>
<flow:Map rdf:ID="n80o3">
	<flow:sparql-not><![CDATA[ prefix xsd: <http://www.w3.org/2001/XMLSchema#> prefix skos: <http://www.w3.org/2004/02/skos/core#> ASK { { ?x skos:notation ?y . FILTER( xsd:float(?y) >= 340 && xsd:float(?y) < 350) } }]]></flow:sparql-not>
	<flow:assumption>"Assuming that the work is not an official document - therefore it is qualifies as other"</flow:assumption>
	<rdfs:domain rdf:resource="#n80" />
	<rdfs:range rdf:resource="#o3" />
</flow:Map>

encylopedias are 031
dictionary 423
<flow:Map rdf:ID="n60o18">
	<flow:sparql-not><![CDATA[ prefix xsd: <http://www.w3.org/2001/XMLSchema#> prefix skos: <http://www.w3.org/2004/02/skos/core#> ASK { { ?x skos:notation ?y . FILTER( xsd:float(?y) >= 31 && xsd:float(?y) < 32) } UNION { ?x skos:notation ?y . FILTER( xsd:float(?y) >= 423 && xsd:float(?y) < 424) }}]]></flow:sparql-not>
	<flow:assumption>"Assuming that the work is not an official document - therefore it is qualifies as other"</flow:assumption>
	<rdfs:domain rdf:resource="#n60" />
	<rdfs:range rdf:resource="#o18" />
</flow:Map>

<flow:Map rdf:ID="n61o28">
	<flow:sparql><![CDATA[prefix bibo: <http://purl.org/ontology/bibo/> ASK { ?a a bibo:Photo}]]></flow:sparql>
	<flow:assumption>"Assuming that the work classified under the bibo tag photo is "artistic series of photgraphs"</flow:assumption>
	<rdfs:domain rdf:resource="#n61" />
	<rdfs:range rdf:resource="#o28" />
</flow:Map>

<flow:Map rdf:ID="n75o129">
        <flow:sparql><![CDATA[ prefix xsd: <http://www.w3.org/2001/XMLSchema#> prefix bibo: <http://purl.org/ontology/bibo/> prefix dc: <http://purl.org/dc/terms/> Ask { {{ ?a a bibo:Book } UNION { ?a a bibo:Document }}. ?a dc:issued ?b.  FILTER (year(xsd:dateTime(?b))<  1986 )   }]]></flow:sparql>
	<flow:assumption>"Assuming that dc:issued represents the date of first publication and that the work was published in the period of jan 1 1986 and june 24 1986(probably wrong assumption?)"</flow:assumption>
        <rdfs:domain rdf:resource="#n75" />
        <rdfs:range rdf:resource="#o129" />
</flow:Map>

<flow:Map rdf:ID="n75o130">
        <flow:sparql-not><![CDATA[ prefix xsd: <http://www.w3.org/2001/XMLSchema#> prefix bibo: <http://purl.org/ontology/bibo/> prefix dc: <http://purl.org/dc/terms/> Ask { {{ ?a a bibo:Book } UNION { ?a a bibo:Document }}. ?a dc:issued ?b.  FILTER (year(xsd:dateTime(?b))<  1986 )   }]]></flow:sparql-not>
	<flow:assumption>"Assuming that dc:issued represents the date of first publication and that the work was published in the period of jan 1 1986 and june 24 1986(probably wrong assumption?)"</flow:assumption>
        <rdfs:domain rdf:resource="#n75" />
        <rdfs:range rdf:resource="#o130" />
</flow:Map>

<flow:Map rdf:ID="n69o85">
       <flow:sparql-not><![CDATA[prefix foaf: <http://xmlns.com/foaf/0.1/> prefix bio: <http://purl.org/vocab/bio/0.1/> prefix xsd: <http://www.w3.org/2001/XMLSchema#> prefix bibo: <http://purl.org/ontology/bibo/> prefix dc: <http://purl.org/dc/terms/> Ask   {  ?c a bio:Death ; bio:date ?d . FILTER ( year(xsd:dateTime(?d)) <   1996 )}]]></flow:sparql-not>
	<rdfs:domain rdf:resource="#n69" />
	<rdfs:range rdf:resource="#o85" />
</flow:Map>

<flow:Map rdf:ID="n69o86">
       <flow:sparql><![CDATA[prefix foaf: <http://xmlns.com/foaf/0.1/> prefix bio: <http://purl.org/vocab/bio/0.1/> prefix xsd: <http://www.w3.org/2001/XMLSchema#> prefix bibo: <http://purl.org/ontology/bibo/> prefix dc: <http://purl.org/dc/terms/> Ask   {  ?c a bio:Death ; bio:date ?d . FILTER ( year(xsd:dateTime(?d)) <   1996 )}]]></flow:sparql>
	<rdfs:domain rdf:resource="#n69" />
	<rdfs:range rdf:resource="#o86" />
</flow:Map>

<flow:Map rdf:ID="n70o83">
	<flow:sparql><![CDATA[ASK {}]]></flow:sparql>
	<flow:assumption>"Assuming the author did have heirs since no info is provided in the metadata"</flow:assumption>
	<rdfs:domain rdf:resource="#n70" />
	<rdfs:range rdf:resource="#o83" />
</flow:Map>

<flow:Map rdf:ID="n78o158">
	<flow:sparql><![CDATA[ASK {}]]></flow:sparql>
	<flow:assumption>"Assuming the author was not inherited only by heirs other than his/her spouce, ascendents or descendent s since no info is provided in the metadata"</flow:assumption>
	<rdfs:domain rdf:resource="#n78" />
	<rdfs:range rdf:resource="#o158" />
</flow:Map>

<flow:Map rdf:ID="n78o159">
	<flow:sparql-not><![CDATA[ASK {}]]></flow:sparql-not>
	<flow:assumption>"Assuming the author was not inherited only by heirs other than his/her spouce, ascendents or descendent s since no info is provided in the metadata""</flow:assumption>
	<rdfs:domain rdf:resource="#n78" />
	<rdfs:range rdf:resource="#o159" />
</flow:Map>

<flow:Map rdf:ID="n62o30">
	<flow:sparql-not><![CDATA[ASK {}]]></flow:sparql-not>
	<flow:assumption>"Assuming that Did the author's heirs did not die before 24 June 1996 since no info is provided in the metadata"</flow:assumption>
	<rdfs:domain rdf:resource="#n62" />
	<rdfs:range rdf:resource="#o30" />
</flow:Map>

<flow:Map rdf:ID="n62o31">
	<flow:sparql><![CDATA[ASK {}]]></flow:sparql>
	<flow:assumption>"Assuming that Did the author's heirs did not die before 24 June 1996 since no info is provided in the metadata"</flow:assumption>
	<rdfs:domain rdf:resource="#n62" />
	<rdfs:range rdf:resource="#o31" />
</flow:Map>

<flow:Map rdf:ID="n70o84">
	<flow:sparql-not><![CDATA[ASK {}]]></flow:sparql-not>
	<flow:assumption>"Assuming the author did have heirs since no info is provided in the metadata"</flow:assumption>
	<rdfs:domain rdf:resource="#n70" />
	<rdfs:range rdf:resource="#o84" />
</flow:Map>

<flow:Map rdf:ID="n61o29">
	<flow:sparql-not><![CDATA[prefix bibo: <http://purl.org/ontology/bibo/> ASK { ?a a bibo:Photo}]]></flow:sparql-not>
	<flow:assumption>"Assuming that the work classified under the bibo tag photo is "artistic series of photgraphs"</flow:assumption>
	<rdfs:domain rdf:resource="#n61" />
	<rdfs:range rdf:resource="#o29" />
</flow:Map>

<flow:Map rdf:ID="n63o40">
	<flow:sparql-not><![CDATA[ASK {}]]></flow:sparql-not>
	<flow:assumption>"Assuming that if it does not qualify under bibo photo it is not a photograph"</flow:assumption>
	<rdfs:domain rdf:resource="#n63" />
	<rdfs:range rdf:resource="#o40" />
</flow:Map>

<flow:Map rdf:ID="n76o139">
       <flow:sparql-not><![CDATA[prefix foaf: <http://xmlns.com/foaf/0.1/> prefix bio: <http://purl.org/vocab/bio/0.1/> prefix xsd: <http://www.w3.org/2001/XMLSchema#> prefix bibo: <http://purl.org/ontology/bibo/> prefix dc: <http://purl.org/dc/terms/> Ask {  {  ?c a bio:Death ; bio:date ?d . FILTER ( year(xsd:dateTime(?d)) <   1991 }]]></flow:sparql-not>
	<rdfs:domain rdf:resource="#n76" />
	<rdfs:range rdf:resource="#o139" />
</flow:Map>

<flow:Map rdf:ID="n76o140">
       <flow:sparql><![CDATA[prefix foaf: <http://xmlns.com/foaf/0.1/> prefix bio: <http://purl.org/vocab/bio/0.1/> prefix xsd: <http://www.w3.org/2001/XMLSchema#> prefix bibo: <http://purl.org/ontology/bibo/> prefix dc: <http://purl.org/dc/terms/> Ask {  {  ?c a bio:Death ; bio:date ?d . FILTER ( year(xsd:dateTime(?d)) <   1991 }]]></flow:sparql>
	<rdfs:domain rdf:resource="#n76" />
	<rdfs:range rdf:resource="#o140" />
</flow:Map>


<flow:Map rdf:ID="n71o95">
       <flow:sparql-not><![CDATA[prefix foaf: <http://xmlns.com/foaf/0.1/> prefix bio: <http://purl.org/vocab/bio/0.1/> prefix xsd: <http://www.w3.org/2001/XMLSchema#> prefix bibo: <http://purl.org/ontology/bibo/> prefix dc: <http://purl.org/dc/terms/> Ask   {  ?c a bio:Death ; bio:date ?d . FILTER ( year(xsd:dateTime(?d)) <   1996 )}]]></flow:sparql-not>
	<rdfs:domain rdf:resource="#n71" />
	<rdfs:range rdf:resource="#o95" />
</flow:Map>

<flow:Map rdf:ID="n71o96">
       <flow:sparql><![CDATA[prefix foaf: <http://xmlns.com/foaf/0.1/> prefix bio: <http://purl.org/vocab/bio/0.1/> prefix xsd: <http://www.w3.org/2001/XMLSchema#> prefix bibo: <http://purl.org/ontology/bibo/> prefix dc: <http://purl.org/dc/terms/> Ask   {  ?c a bio:Death ; bio:date ?d . FILTER ( year(xsd:dateTime(?d)) <   1996 )}]]></flow:sparql>
	<rdfs:domain rdf:resource="#n71" />
	<rdfs:range rdf:resource="#o96" />
</flow:Map>

<flow:Map rdf:ID="n72o103">
	<flow:sparql><![CDATA[ASK {}]]></flow:sparql>
	<flow:assumption>"Assuming the author did have heirs since no info is provided in the metadata"</flow:assumption>
	<rdfs:domain rdf:resource="#n72" />
	<rdfs:range rdf:resource="#o103" />
</flow:Map>

<flow:Map rdf:ID="n79o4">
	<flow:sparql><![CDATA[ASK {}]]></flow:sparql>
	<flow:assumption>"Assuming the author was not inherited only by heirs other than his/her spouce, ascendents or descendent s since no info is provided in the metadata"</flow:assumption>
	<rdfs:domain rdf:resource="#n79" />
	<rdfs:range rdf:resource="#o4" />
</flow:Map>

<flow:Map rdf:ID="n79o5">
	<flow:sparql-not><![CDATA[ASK {}]]></flow:sparql-not>
	<flow:assumption>"Assuming the author was not inherited only by heirs other than his/her spouce, ascendents or descendent s since no info is provided in the metadata""</flow:assumption>
	<rdfs:domain rdf:resource="#n79" />
	<rdfs:range rdf:resource="#o5" />
</flow:Map>

<flow:Map rdf:ID="n64o48">
	<flow:sparql-not><![CDATA[ASK {}]]></flow:sparql-not>
	<flow:assumption>"Assuming that Did the author's heirs did not die before 24 June 1996 since no info is provided in the metadata"</flow:assumption>
	<rdfs:domain rdf:resource="#n64" />
	<rdfs:range rdf:resource="#o48" />
</flow:Map>

<flow:Map rdf:ID="n64o49">
	<flow:sparql><![CDATA[ASK {}]]></flow:sparql>
	<flow:assumption>"Assuming that Did the author's heirs did not die before 24 June 1996 since no info is provided in the metadata"</flow:assumption>
	<rdfs:domain rdf:resource="#n64" />
	<rdfs:range rdf:resource="#o49" />
</flow:Map>

<flow:Map rdf:ID="n72o104">
	<flow:sparql-not><![CDATA[ASK {}]]></flow:sparql-not>
	<flow:assumption>"Assuming the author did have heirs since no info is provided in the metadata"</flow:assumption>
	<rdfs:domain rdf:resource="#n72" />
	<rdfs:range rdf:resource="#o104" />
</flow:Map>


<flow:Map rdf:ID="n63o41">
	<flow:sparql><![CDATA[ASK {}]]></flow:sparql>
	<flow:assumption>"Assuming that if it does not qualify under bibo photo it is not a photograph"</flow:assumption>
	<rdfs:domain rdf:resource="#n63" />
	<rdfs:range rdf:resource="#o41" />
</flow:Map>



<flow:Map rdf:ID="n65o62">
       <flow:sparql-not><![CDATA[prefix foaf: <http://xmlns.com/foaf/0.1/> prefix bio: <http://purl.org/vocab/bio/0.1/> ASK { ?x a foaf:Agent ; bio:event ?y } ]]></flow:sparql-not>
        <flow:assumption>"Assuming that the right holder of a work with a foaf:Agent bio:event is a not a legal person"</flow:assumption>
    <rdfs:domain rdf:resource="#n65" />
    <rdfs:range rdf:resource="#o62" />
</flow:Map>


<flow:Map rdf:ID="n66o64">
        <flow:sparql><![CDATA[ prefix xsd: <http://www.w3.org/2001/XMLSchema#> prefix bibo: <http://purl.org/ontology/bibo/> prefix dc: <http://purl.org/dc/terms/> Ask { {{ ?a a bibo:Book } UNION { ?a a bibo:Document }}. ?a dc:issued ?b.  FILTER (year(xsd:dateTime(?b))  <  1946 )  }]]></flow:sparql>
	<flow:assumption>"Assuming that dc:issued represents the date which the work was first made available to the public (probably wrong assumption?)"</flow:assumption>
        <rdfs:domain rdf:resource="#n66" />
        <rdfs:range rdf:resource="#o64" />
</flow:Map>


<flow:Map rdf:ID="n66o65">
        <flow:sparql-not><![CDATA[ prefix xsd: <http://www.w3.org/2001/XMLSchema#> prefix bibo: <http://purl.org/ontology/bibo/> prefix dc: <http://purl.org/dc/terms/> Ask { {{ ?a a bibo:Book } UNION { ?a a bibo:Document }}. ?a dc:issued ?b.  FILTER (year(xsd:dateTime(?b))  <  1946 )   }]]></flow:sparql-not>
	<flow:assumption>"Assuming that dc:issued represents the creation date of the work (probably wrong assumption?)"</flow:assumption>
        <rdfs:domain rdf:resource="#n66" />
        <rdfs:range rdf:resource="#o65" />
</flow:Map>


<flow:Map rdf:ID="n65o63">
       <flow:sparql><![CDATA[prefix foaf: <http://xmlns.com/foaf/0.1/> prefix bio: <http://purl.org/vocab/bio/0.1/> ASK { ?x a foaf:Agent ; bio:event ?y } ]]></flow:sparql>
        <flow:assumption>"Assuming that the right holder of a work with a foaf:Agent bio:event is a not a legal person"</flow:assumption>
    <rdfs:domain rdf:resource="#n65" />
    <rdfs:range rdf:resource="#o63" />
</flow:Map>


<flow:Map rdf:ID="n56o156">
       <flow:sparql-not><![CDATA[prefix foaf: <http://xmlns.com/foaf/0.1/> prefix bio: <http://purl.org/vocab/bio/0.1/> prefix xsd: <http://www.w3.org/2001/XMLSchema#> prefix bibo: <http://purl.org/ontology/bibo/> prefix dc: <http://purl.org/dc/terms/> Ask   {  ?c a bio:Death ; bio:date ?d . FILTER ( year(xsd:dateTime(?d)) <   1996) }]]></flow:sparql-not>
	<rdfs:domain rdf:resource="#n56" />
	<rdfs:range rdf:resource="#o156" />
</flow:Map>


<flow:Map rdf:ID="n44o52">
     <flow:sparql><![CDATA[ASK {}]]></flow:sparql>
<flow:assumption>"Since there is no way to determine who the inheritants of an authors estate are through the metadata and bibliographica and it is unlikely that there ever will be a way to determine this the spouse is assumed to have inherted the estate if anyone "</flow:assumption>
	<rdfs:domain rdf:resource="#n44" />
	<rdfs:range rdf:resource="#o52" />
</flow:Map>

<flow:Map rdf:ID="n44o53">
     <flow:sparql-not><![CDATA[ASK {}]]></flow:sparql-not>
<flow:assumption>" Ascendants?</flow:assumption>
	<rdfs:domain rdf:resource="#n44" />
	<rdfs:range rdf:resource="#o53" />
</flow:Map>

<flow:Map rdf:ID="n44o54">
     <flow:sparql-not><![CDATA[ASK {}]]></flow:sparql-not>
<flow:assumption>" Other heirs?</flow:assumption>
	<rdfs:domain rdf:resource="#n44" />
	<rdfs:range rdf:resource="#o54" />

</flow:Map>

<flow:Map rdf:ID="n44o55">
     <flow:sparql-not><![CDATA[ASK {}]]></flow:sparql-not>
<flow:assumption>" Descendants?</flow:assumption>
	<rdfs:domain rdf:resource="#n44" />
	<rdfs:range rdf:resource="#o55" />
</flow:Map>

<flow:Map rdf:ID="n44o56">
     <flow:sparql-not><![CDATA[ASK {}]]></flow:sparql-not>
<flow:assumption>" Spouse and descendants?</flow:assumption>
	<rdfs:domain rdf:resource="#n44" />
	<rdfs:range rdf:resource="#o56" />
</flow:Map>

<flow:Map rdf:ID="n44o57">
     <flow:sparql-not><![CDATA[ASK {}]]></flow:sparql-not>
<flow:assumption>" Ascendants and other heirs?</flow:assumption>
	<rdfs:domain rdf:resource="#n44" />
	<rdfs:range rdf:resource="#o57" />
</flow:Map>

<flow:Map rdf:ID="n44o58">
     <flow:sparql-not><![CDATA[ASK {}]]></flow:sparql-not>
<flow:assumption>" Spouse and other heirs?</flow:assumption>
	<rdfs:domain rdf:resource="#n44" />
	<rdfs:range rdf:resource="#o58" />
</flow:Map>

<flow:Map rdf:ID="n44o59">
     <flow:sparql-not><![CDATA[ASK {}]]></flow:sparql-not>
<flow:assumption>" Spouse and ascendants and other heirs?</flow:assumption>
	<rdfs:domain rdf:resource="#n44" />
	<rdfs:range rdf:resource="#o59" />
</flow:Map>

<flow:Map rdf:ID="n44o60">
     <flow:sparql-not><![CDATA[ASK {}]]></flow:sparql-not>
<flow:assumption>" Spouce and ascendants?</flow:assumption>
	<rdfs:domain rdf:resource="#n44" />
	<rdfs:range rdf:resource="#o60" />
</flow:Map>

<flow:Map rdf:ID="n44o61">
     <flow:sparql-not><![CDATA[ASK {}]]></flow:sparql-not>
<flow:assumption>" Nobody?</flow:assumption>
	<rdfs:domain rdf:resource="#n44" />
	<rdfs:range rdf:resource="#o61" />
</flow:Map>

<flow:Map rdf:ID="n45o69">
       <flow:sparql-not><![CDATA[prefix foaf: <http://xmlns.com/foaf/0.1/> prefix bio: <http://purl.org/vocab/bio/0.1/> prefix xsd: <http://www.w3.org/2001/XMLSchema#> prefix bibo: <http://purl.org/ontology/bibo/> prefix dc: <http://purl.org/dc/terms/> Ask   {  ?c a bio:Death ; bio:date ?d . FILTER ( year(xsd:dateTime(?d)) <   1996 )}]]></flow:sparql-not>
<flow:assumption>" No information provided on spouses in bibliographica assuming the same as the author</flow:assumption>

	<rdfs:domain rdf:resource="#n45" />
	<rdfs:range rdf:resource="#o69" />
</flow:Map>

<flow:Map rdf:ID="n45o70">
       <flow:sparql><![CDATA[prefix foaf: <http://xmlns.com/foaf/0.1/> prefix bio: <http://purl.org/vocab/bio/0.1/> prefix xsd: <http://www.w3.org/2001/XMLSchema#> prefix bibo: <http://purl.org/ontology/bibo/> prefix dc: <http://purl.org/dc/terms/> Ask   {  ?c a bio:Death ; bio:date ?d . FILTER ( year(xsd:dateTime(?d)) <   1996 )}]]></flow:sparql>
<flow:assumption>" No information provided on spouses in bibliographica assuming the same as the author</flow:assumption>
	<rdfs:domain rdf:resource="#n45" />
	<rdfs:range rdf:resource="#o70" />
</flow:Map>


<flow:Map rdf:ID="n56o157">
       <flow:sparql><![CDATA[prefix foaf: <http://xmlns.com/foaf/0.1/> prefix bio: <http://purl.org/vocab/bio/0.1/> prefix xsd: <http://www.w3.org/2001/XMLSchema#> prefix bibo: <http://purl.org/ontology/bibo/> prefix dc: <http://purl.org/dc/terms/> Ask   {  ?c a bio:Death ; bio:date ?d . FILTER ( year(xsd:dateTime(?d)) <   1996 )}]]></flow:sparql>
	<rdfs:domain rdf:resource="#n56" />
	<rdfs:range rdf:resource="#o157" />
</flow:Map>



<flow:Map rdf:ID="n60o19">
	<flow:sparql><![CDATA[ prefix xsd: <http://www.w3.org/2001/XMLSchema#> prefix skos: <http://www.w3.org/2004/02/skos/core#> ASK { { ?x skos:notation ?y . FILTER( xsd:float(?y) >= 31 && xsd:float(?y) < 32) } UNION { ?x skos:notation ?y . FILTER( xsd:float(?y) >= 423 && xsd:float(?y) < 424) }}]]></flow:sparql>
	<flow:assumption>"Assuming that the work which falls in the dezey range of 31-32 and 423-424 is either and encyclopedia or a dictionary"</flow:assumption>
	<rdfs:domain rdf:resource="#n60" />
	<rdfs:range rdf:resource="#o19" />
</flow:Map>

<flow:Map rdf:ID="n73o113">
        <flow:sparql><![CDATA[ prefix xsd: <http://www.w3.org/2001/XMLSchema#> prefix bibo: <http://purl.org/ontology/bibo/> prefix dc: <http://purl.org/dc/terms/> Ask { { ?a a bibo:Book } UNION { ?a a bibo:Document }. ?a dc:issued ?b.  FILTER (year(xsd:dateTime(?b))  <  1976 )   }]]></flow:sparql>
 <flow:assumption>"Assuming that the dc issued represents the first communication to the public (probably wrong assumption?)"</flow:assumption>
        <rdfs:domain rdf:resource="#n73" />
        <rdfs:range rdf:resource="#o113" />
</flow:Map>

<flow:Map rdf:ID="n73o114">
        <flow:sparql><![CDATA[ prefix xsd: <http://www.w3.org/2001/XMLSchema#> prefix bibo: <http://purl.org/ontology/bibo/> prefix dc: <http://purl.org/dc/terms/> Ask { { ?a a bibo:Book } UNION { ?a a bibo:Document }. ?a dc:issued ?b.  FILTER (year(xsd:dateTime(?b))  <  1976 )   }]]></flow:sparql>
 <flow:assumption>"Assuming that the dc issued represents the first communication to the public (probably wrong assumption?)"</flow:assumption>
        <rdfs:domain rdf:resource="#n73" />
        <rdfs:range rdf:resource="#o114" />
</flow:Map>



<flow:Map rdf:ID="n23o50">
        <flow:sparql><![CDATA[ ASK {  } ]]></flow:sparql>
	<flow:assumption>"Assuming EEA "</flow:assumption>
        <rdfs:domain rdf:resource="#n23" />
        <rdfs:range rdf:resource="#o50" />
</flow:Map>

<flow:Map rdf:ID="n24o60">
	<flow:sparql><![CDATA[ASK {}]]></flow:sparql>
	<flow:assumption>"Assuming that the author's place of residence or nationality is EEA since no info is provided in the metadata"</flow:assumption>
	<rdfs:domain rdf:resource="#n24" />
	<rdfs:range rdf:resource="#o60" />
</flow:Map>

<flow:Map rdf:ID="n26o71">
	<flow:sparql-not><![CDATA[ASK {}]]></flow:sparql-not>
	<flow:assumption>"The presence of a work on bibliographica consitutes availablity to the public"</flow:assumption>
	<rdfs:domain rdf:resource="#n26" />
	<rdfs:range rdf:resource="#o71" />
</flow:Map>

<flow:Map rdf:ID="n31o12">
        <flow:sparql><![CDATA[ prefix xsd: <http://www.w3.org/2001/XMLSchema#> prefix bibo: <http://purl.org/ontology/bibo/> prefix dc: <http://purl.org/dc/terms/> Ask { { ?a a bibo:Book } UNION { ?a a bibo:Document }. ?a dc:issued ?b.  FILTER (year(xsd:dateTime(?b)) +70 <  year(now()) )   }]]></flow:sparql>
	<flow:assumption>"Assuming that dc:issued represents the date which the work was first made available to the public (probably wrong assumption?)"</flow:assumption>
        <rdfs:domain rdf:resource="#n31" />
        <rdfs:range rdf:resource="#o12" />
</flow:Map>


<flow:Map rdf:ID="n31o13">
        <flow:sparql-not><![CDATA[ prefix xsd: <http://www.w3.org/2001/XMLSchema#> prefix bibo: <http://purl.org/ontology/bibo/> prefix dc: <http://purl.org/dc/terms/> Ask { {{ ?a a bibo:Book } UNION { ?a a bibo:Document }}. ?a dc:issued ?b.  FILTER (year(xsd:dateTime(?b)) +70 <  year(now()) )   }]]></flow:sparql-not>
	<flow:assumption>"Assuming that dc:issued represents the creation date of the work (probably wrong assumption?)"</flow:assumption>
        <rdfs:domain rdf:resource="#n31" />
        <rdfs:range rdf:resource="#o13" />
</flow:Map>





<flow:Map rdf:ID="n26o72">
	<flow:sparql><![CDATA[ASK {}]]></flow:sparql>
	<flow:assumption>"The presence of a work on bibliographica consitutes availability to the public"</flow:assumption>
	<rdfs:domain rdf:resource="#n26" />
	<rdfs:range rdf:resource="#o72" />
</flow:Map>



<flow:Map rdf:ID="n30o111">
        <flow:sparql-not><![CDATA[ prefix xsd: <http://www.w3.org/2001/XMLSchema#> prefix bibo: <http://purl.org/ontology/bibo/> prefix dc: <http://purl.org/dc/terms/> Ask { { ?a a bibo:Book } UNION { ?a a bibo:Document }. ?a dc:issued ?b.  FILTER (year(xsd:dateTime(?b)) +70 <  year(now()) )   }]]></flow:sparql-not>
	<flow:assumption>"Assuming that dc:issued represents the date which the work was first made available to the public (probably wrong assumption?)"</flow:assumption>
        <rdfs:domain rdf:resource="#n30" />
        <rdfs:range rdf:resource="#o111" />
</flow:Map>

<flow:Map rdf:ID="n30o112">
        <flow:sparql><![CDATA[ prefix xsd: <http://www.w3.org/2001/XMLSchema#> prefix bibo: <http://purl.org/ontology/bibo/> prefix dc: <http://purl.org/dc/terms/> Ask { { ?a a bibo:Book } UNION { ?a a bibo:Document }. ?a dc:issued ?b.  FILTER (year(xsd:dateTime(?b)) +70 <  year(now()) )   }]]></flow:sparql>
	<flow:assumption>"Assuming that dc:issued represents the date which the work was first made available to the public (probably wrong assumption?)"</flow:assumption>
        <rdfs:domain rdf:resource="#n30" />
        <rdfs:range rdf:resource="#o112" />
</flow:Map>






<flow:Map rdf:ID="n33o135">
        <flow:sparql-not><![CDATA[ASK {}]]></flow:sparql-not>
	<flow:assumption>"Assuming that the author place of residence or nationality is EEA since no info is provided in the metadata"</flow:assumption>
        <rdfs:domain rdf:resource="#33" />
        <rdfs:range rdf:resource="#o135" />
</flow:Map>

<flow:Map rdf:ID="n33o136">
      <flow:sparql><![CDATA[ASK {}]]></flow:sparql>
	<flow:assumption>"Assuming that the author place of residence or nationality is EEA since no info is provided in the metadata"</flow:assumption>
        <rdfs:domain rdf:resource="#n33" />
        <rdfs:range rdf:resource="#o136" />
</flow:Map>


<flow:Map rdf:ID="n24o61">
	<flow:sparql-not><![CDATA[ASK {}]]></flow:sparql-not>
	<flow:assumption>"Assuming that the author place of residence or nationality is EEA since no info is provided in the metadata"</flow:assumption>
	<rdfs:domain rdf:resource="#n24" />
	<rdfs:range rdf:resource="#o61" />
</flow:Map>




<flow:Map rdf:ID="n27o81">
	<flow:sparql-not><![CDATA[ASK {}]]></flow:sparql-not>
	<flow:assumption>"Assuming that the country of origin of the work is Berne Trips since no info is provided in the metadata"</flow:assumption>
	<rdfs:domain rdf:resource="#n27" />
	<rdfs:range rdf:resource="#o81" />
</flow:Map>

<flow:Map rdf:ID="n27o82">
	<flow:sparql><![CDATA[ASK {}]]></flow:sparql>
	<flow:assumption>"Assuming that the country of origin of the work is Berne Trips since no info is provided in the metadata"</flow:assumption>
	<rdfs:domain rdf:resource="#n27" />
	<rdfs:range rdf:resource="#o82" />
</flow:Map>





<flow:Map rdf:ID="n23o51">
	<flow:sparql-not><![CDATA[ASK {}]]></flow:sparql-not>
	<flow:assumption>"Assuming EEA"</flow:assumption>
	<rdfs:domain rdf:resource="#n23" />
	<rdfs:range rdf:resource="#o51" />
</flow:Map>




<flow:Map rdf:ID="n34o46">
	<flow:sparql-not><![CDATA[ASK {}]]></flow:sparql-not>
	<flow:assumption>"Assuming that the author place of residence or nationality is EEA since no info is provided in the metadata"</flow:assumption>
	<rdfs:domain rdf:resource="#n34" />
	<rdfs:range rdf:resource="#o46" />
</flow:Map>

<flow:Map rdf:ID="n35o57">
	<flow:sparql-not><![CDATA[ASK {}]]></flow:sparql-not>
	<flow:assumption>"Assuming that the country of origin of the work is EEA since no info is provided in the metadata"</flow:assumption>
	<rdfs:domain rdf:resource="#n35" />
	<rdfs:range rdf:resource="#o57" />
</flow:Map>



<flow:Map rdf:ID="n36o64">
	<flow:sparql><![CDATA[ASK {}]]></flow:sparql>
	<flow:assumption>"Assuming that the nationality of the author is Berne Trips since no info is provided in the metadata"</flow:assumption>
	<rdfs:domain rdf:resource="#n36" />
	<rdfs:range rdf:resource="#o64" />
</flow:Map>

<flow:Map rdf:ID="n36o65">
	<flow:sparql-not><![CDATA[ASK {}]]></flow:sparql-not>
	<flow:assumption>"Assuming that the nationality of the author is Berne Trips since no info is provided in the metadata"</flow:assumption>
	<rdfs:domain rdf:resource="#n36" />
	<rdfs:range rdf:resource="#o65" />
</flow:Map>



<flow:Map rdf:ID="n35o58">
	<flow:sparql-not><![CDATA[ASK {}]]></flow:sparql-not>
	<flow:assumption>"Assuming that the country of origin of the work is EEA since no info is provided in the metadata"</flow:assumption>
	<rdfs:domain rdf:resource="#n35" />
	<rdfs:range rdf:resource="#o58" />
</flow:Map>



<flow:Map rdf:ID="n35o59">
	<flow:sparql><![CDATA[ASK {}]]></flow:sparql>
	<flow:assumption>"Assuming that the country of origin of the work is EEA since no info is provided in the metadata"</flow:assumption>
	<rdfs:domain rdf:resource="#n35" />
	<rdfs:range rdf:resource="#o59" />
</flow:Map>




<flow:Map rdf:ID="n41o36">
	<flow:sparql-not><![CDATA[ASK {}]]></flow:sparql-not>
	<flow:assumption>"The presence of a work on bibliographica consitutes communication to the public"</flow:assumption>
	<rdfs:domain rdf:resource="#n41" />
	<rdfs:range rdf:resource="#o36" />
</flow:Map>


<flow:Map rdf:ID="n40o24">
       <flow:sparql><![CDATA[prefix foaf: <http://xmlns.com/foaf/0.1/> prefix bio: <http://purl.org/vocab/bio/0.1/> prefix xsd: <http://www.w3.org/2001/XMLSchema#> prefix bibo: <http://purl.org/ontology/bibo/> prefix dc: <http://purl.org/dc/terms/> Ask { { ?x a bio:Birth ; bio:date ?y .  FILTER ( year(xsd:dateTime(?y)) +170 <  year(now()) ) } UNION {  ?c a bio:Death ; bio:date ?d . FILTER ( year(xsd:dateTime(?d)) +70 <   year(now()) ) } }]]></flow:sparql>
	<rdfs:domain rdf:resource="#n40" />
	<rdfs:range rdf:resource="#o24" />
</flow:Map>

<flow:Map rdf:ID="n40o25">
       <flow:sparql-not><![CDATA[prefix foaf: <http://xmlns.com/foaf/0.1/> prefix bio: <http://purl.org/vocab/bio/0.1/> prefix xsd: <http://www.w3.org/2001/XMLSchema#> prefix bibo: <http://purl.org/ontology/bibo/> prefix dc: <http://purl.org/dc/terms/> Ask { { ?x a bio:Birth ; bio:date ?y .  FILTER ( year(xsd:dateTime(?y)) +170 <  year(now()) ) } UNION {  ?c a bio:Death ; bio:date ?d . FILTER ( year(xsd:dateTime(?d)) +70 <   year(now()) ) } }]]></flow:sparql-not>
	<rdfs:domain rdf:resource="#n40" />
	<rdfs:range rdf:resource="#o25" />
</flow:Map>

<flow:Map rdf:ID="n41o37">
	<flow:sparql><![CDATA[ASK {}]]></flow:sparql>
	<flow:assumption>"The presence of a work on bibliographica consitutes communication to the public"</flow:assumption>
	<rdfs:domain rdf:resource="#n41" />
	<rdfs:range rdf:resource="#o37" />
</flow:Map>

<flow:Map rdf:ID="n42o38">
       <flow:sparql-not><![CDATA[ASK {}]]></flow:sparql-not>
        <flow:assumption>"since No info provided about the date of first publication : assuming that the work was published within 70 years of the death of the last surviving author"</flow:assumption>
	<rdfs:domain rdf:resource="#n42" />
	<rdfs:range rdf:resource="#o38" />
</flow:Map>


<flow:Map rdf:ID="n43o16">
        <flow:sparql><![CDATA[ prefix xsd: <http://www.w3.org/2001/XMLSchema#> prefix bibo: <http://purl.org/ontology/bibo/> prefix dc: <http://purl.org/dc/terms/> Ask { {{ ?a a bibo:Book } UNION { ?a a bibo:Document }}. ?a dc:issued ?b.  FILTER (year(xsd:dateTime(?b)) +25 <  year(now()) )   }]]></flow:sparql>
	<flow:assumption>"Assuming that dc:issued represents the date of first publication or communication for the work (probably wrong assumption?)"</flow:assumption>
        <rdfs:domain rdf:resource="#n43" />
        <rdfs:range rdf:resource="#o16" />
</flow:Map>



<flow:Map rdf:ID="n43o17">
        <flow:sparql-not><![CDATA[ prefix xsd: <http://www.w3.org/2001/XMLSchema#> prefix bibo: <http://purl.org/ontology/bibo/> prefix dc: <http://purl.org/dc/terms/> Ask { {{ ?a a bibo:Book } UNION { ?a a bibo:Document }}. ?a dc:issued ?b.  FILTER (year(xsd:dateTime(?b)) +25 <  year(now()) )   }]]></flow:sparql-not>
	<flow:assumption>"Assuming that dc:issued represents the date of first publication or communication for the work (probably wrong assumption?)"</flow:assumption>
        <rdfs:domain rdf:resource="#n43" />
        <rdfs:range rdf:resource="#o17" />
</flow:Map>

<flow:Map rdf:ID="n34o47">
	<flow:sparql><![CDATA[ASK {}]]></flow:sparql>
	<flow:assumption>"Assuming that the author place of residence or nationality is EEA since no info is provided in the metadata"</flow:assumption>
	<rdfs:domain rdf:resource="#n34" />
	<rdfs:range rdf:resource="#o47" />
</flow:Map>

<flow:Map rdf:ID="n42o39">
       <flow:sparql><![CDATA[ASK {}]]></flow:sparql>
        <flow:assumption>"since No info provided about the date of first publication : assuming that the work was published within 70 years of the death of the last surviving author"</flow:assumption>
	<rdfs:domain rdf:resource="#n42" />
	<rdfs:range rdf:resource="#o39" />
</flow:Map>











<flow:Map rdf:ID="n44o33">
	<flow:sparql><![CDATA[ prefix xsd: <http://www.w3.org/2001/XMLSchema#> prefix skos: <http://www.w3.org/2004/02/skos/core#> prefix rdfs: <http://www.w3.org/2000/01/rdf-schema#>  prefix bibo: <http://purl.org/ontology/bibo/> prefix foaf: <http://xmlns.com/foaf/0.1/> ASK { { ?x a skos:Concept ;  skos:notation ?y . FILTER( xsd:float(?y) >= 340 && xsd:float(?y) < 350) }  } ]]></flow:sparql>
	<flow:assumption>"Assuming that the work is a legal document if its dewey notation is within the range of 340 - 349"</flow:assumption>
	<rdfs:domain rdf:resource="#n44" />
	<rdfs:range rdf:resource="#o33" />
</flow:Map>


<flow:Map rdf:ID="n22o42">
        <flow:sparql-not><![CDATA[prefix foaf: <http://xmlns.com/foaf/0.1/> prefix bio: <http://purl.org/vocab/bio/0.1/> ASK { ?x a foaf:Agent ; bio:event ?y } ]]></flow:sparql-not>
	<flow:assumption>"Assuming that a work with no  bio/event is an anonymous or pseudonymous work  a "</flow:assumption>
        <rdfs:domain rdf:resource="#n22" />
        <rdfs:range rdf:resource="#o42" />
</flow:Map>

<flow:Map rdf:ID="n22o44">
        <flow:sparql><![CDATA[prefix foaf: <http://xmlns.com/foaf/0.1/> prefix bio: <http://purl.org/vocab/bio/0.1/> ASK { ?x a foaf:Agent ; bio:event ?y } ]]></flow:sparql>
	<flow:assumption>"Assuming that a work with no  bio/event is an anonymous or pseudonymous work  a "</flow:assumption>
        <rdfs:domain rdf:resource="#n22" />
        <rdfs:range rdf:resource="#o44" />
</flow:Map>


<flow:Map rdf:ID="n25o73">
	<flow:sparql><![CDATA[ASK {}]]></flow:sparql>
	<flow:assumption>"The presence of a work on bibliographica consitutes communication to the public"</flow:assumption>
	<rdfs:domain rdf:resource="#n25" />
	<rdfs:range rdf:resource="#o73" />
</flow:Map>
<flow:Map rdf:ID="n25o74">
	<flow:sparql-not><![CDATA[ASK {}]]></flow:sparql-not>
	<flow:assumption>"The presence of a work on bibliographica consitutes communication to the public"</flow:assumption>
	<rdfs:domain rdf:resource="#n25" />
	<rdfs:range rdf:resource="#o74" />
</flow:Map>

<flow:Map rdf:ID="n39o26">
	<flow:sparql-not><![CDATA[prefix foaf: <http://xmlns.com/foaf/0.1/> prefix bio: <http://purl.org/vocab/bio/0.1/> prefix xsd: <http://www.w3.org/2001/XMLSchema#> SELECT  ?count (count(?bio) as ?x) WHERE { ?bio a bio:Birth } HAVING( count(?bio) > 1) ]]></flow:sparql-not>
	<flow:assumption>"assuming that if there is not more than one bio:birth in the metadata then the work is not a collective work"</flow:assumption>
	<rdfs:domain rdf:resource="#n39" />
	<rdfs:range rdf:resource="#o26" />
</flow:Map>

<flow:Map rdf:ID="n39o27">
	<flow:sparql><![CDATA[prefix foaf: <http://xmlns.com/foaf/0.1/> prefix bio: <http://purl.org/vocab/bio/0.1/> prefix xsd: <http://www.w3.org/2001/XMLSchema#> SELECT  ?count (count(?bio) as ?x) WHERE { ?bio a bio:Birth } HAVING( count(?bio) > 1) ]]></flow:sparql>
	<flow:assumption>"assuming that if there is not more than one bio:birth in the metadata then the work is not a collective work"</flow:assumption>
	<rdfs:domain rdf:resource="#n39" />
	<rdfs:range rdf:resource="#o27" />
</flow:Map>

END OF LITERARY SECTION 


start of litierary scientific critism section


<flow:Map rdf:ID="n0o30">
	<flow:sparql><![CDATA[ prefix xsd: <http://www.w3.org/2001/XMLSchema#> prefix skos: <http://www.w3.org/2004/02/skos/core#> prefix rdfs: <http://www.w3.org/2000/01/rdf-schema#>  prefix bibo: <http://purl.org/ontology/bibo/> prefix foaf: <http://xmlns.com/foaf/0.1/> ASK { { ?x a skos:Concept ;  skos:notation ?y . FILTER( xsd:float(?y) >= 809 && xsd:float(?y) < 810) }  } ]]></flow:sparql>
	<flow:assumption>"Assuming that the work is literary critism or scientific edition of an out of copyright work  if its dewey notation is within the range of 809 - 810( this is a bad assumption to make and the copyright status of the original work needs to be checked in addition to the result provided here"</flow:assumption>
	<rdfs:domain rdf:resource="#n0" />
	<rdfs:range rdf:resource="#o30" />
</flow:Map>





<flow:Map rdf:ID="n46o55">
        <flow:sparql><![CDATA[ prefix xsd: <http://www.w3.org/2001/XMLSchema#> prefix bibo: <http://purl.org/ontology/bibo/> prefix dc: <http://purl.org/dc/terms/> Ask { {{ ?a a bibo:Book } UNION { ?a a bibo:Document }}. ?a dc:issued ?b.  FILTER (year(xsd:dateTime(?b)) +25 <  year(now()) )   }]]></flow:sparql>
	<flow:assumption>"Assuming that dc:issued represents the date of first publication or communication for the work (probably wrong assumption?)"</flow:assumption>
        <rdfs:domain rdf:resource="#n46" />
        <rdfs:range rdf:resource="#o55" />
</flow:Map>



<flow:Map rdf:ID="n46o56">
        <flow:sparql-not><![CDATA[ prefix xsd: <http://www.w3.org/2001/XMLSchema#> prefix bibo: <http://purl.org/ontology/bibo/> prefix dc: <http://purl.org/dc/terms/> Ask { {{ ?a a bibo:Book } UNION { ?a a bibo:Document }}. ?a dc:issued ?b.  FILTER (year(xsd:dateTime(?b)) +25 <  year(now()) )   }]]></flow:sparql-not>
	<flow:assumption>"Assuming that dc:issued represents the date of first publication or communication for the work (probably wrong assumption?)"</flow:assumption>
        <rdfs:domain rdf:resource="#n46" />
        <rdfs:range rdf:resource="#o56" />
</flow:Map>




<flow:Map rdf:ID="n47o62">
        <flow:sparql><![CDATA[ prefix xsd: <http://www.w3.org/2001/XMLSchema#> prefix bibo: <http://purl.org/ontology/bibo/> prefix dc: <http://purl.org/dc/terms/> Ask { {{ ?a a bibo:Book } UNION { ?a a bibo:Document }}. ?a dc:issued ?b.  FILTER (year(xsd:dateTime(?b)) +25 <  year(now()) )   }]]></flow:sparql>
	<flow:assumption>"Assuming that dc:issued represents the date of first publication or communication for the work (probably wrong assumption?)"</flow:assumption>
        <rdfs:domain rdf:resource="#n47" />
        <rdfs:range rdf:resource="#o62" />
</flow:Map>



<flow:Map rdf:ID="n47o63">
        <flow:sparql-not><![CDATA[ prefix xsd: <http://www.w3.org/2001/XMLSchema#> prefix bibo: <http://purl.org/ontology/bibo/> prefix dc: <http://purl.org/dc/terms/> Ask { {{ ?a a bibo:Book } UNION { ?a a bibo:Document }}. ?a dc:issued ?b.  FILTER (year(xsd:dateTime(?b)) +25 <  year(now()) )   }]]></flow:sparql-not>
	<flow:assumption>"Assuming that dc:issued represents the date of first publication or communication for the work (probably wrong assumption?)"</flow:assumption>
        <rdfs:domain rdf:resource="#n47" />
        <rdfs:range rdf:resource="#o63" />
</flow:Map>





START OF NON ORIGINAL PHOTO



<flow:Map rdf:ID="n0o31">
    <flow:sparql><![CDATA[ prefix bibo: <http://purl.org/ontology/bibo/> ASK { ?x a bibo:Image}]]></flow:sparql>
    <flow:assumption>"Assuming that a bibo:Image is a Non-original Photograph - THIS IS A VERY WRONG ASSUMPTION, how to determine the originality of a Photograph through metadata?"</flow:assumption>
    <rdfs:domain rdf:resource="#n0" />
    <rdfs:range rdf:resource="#o31" />
  </flow:Map>

<flow:Map rdf:ID="n48o69">
	<flow:sparql><![CDATA[ASK {}]]></flow:sparql>
	<flow:assumption>"Assuming that a Photo archived on bibliographica is a published Photo"</flow:assumption>
	<rdfs:domain rdf:resource="#n48" />
	<rdfs:range rdf:resource="#o69" />
</flow:Map>


<flow:Map rdf:ID="n49o77">
	<flow:sparql><![CDATA[ prefix xsd: <http://www.w3.org/2001/XMLSchema#> prefix bibo: <http://purl.org/ontology/bibo/> prefix dc: <http://purl.org/dc/terms/> Ask { {{ ?a a bibo:image; ?b dc:issued ?b.  FILTER (year(xsd:dateTime(?b)) +50 <  year(now()) )   }]]></flow:sparql>
        <flow:assumption>"assuming the dc:issued represents the  date the photo was first published. "</flow:assumption>
    <rdfs:domain rdf:resource="#n49" />
    <rdfs:range rdf:resource="#o77" />
</flow:Map>

<flow:Map rdf:ID="n49o78">
        <flow:sparql-not><![CDATA[ prefix xsd: <http://www.w3.org/2001/XMLSchema#> prefix bibo: <http://purl.org/ontology/bibo/> prefix dc: <http://purl.org/dc/terms/> Ask { {{ ?a a bibo:image; ?b dc:issued ?b.  FILTER (year(xsd:dateTime(?b)) +50 <  year(now()) )   }]]></flow:sparql-not>
        <flow:assumption>"Assuming the dc:issued represents date the photo was first published "</flow:assumption>
    <rdfs:domain rdf:resource="#n48" />
    <rdfs:range rdf:resource="#o78" />
</flow:Map>

<flow:Map rdf:ID="n48o70">
	<flow:sparql-not><![CDATA[ASK {}]]></flow:sparql-not>
	<flow:assumption>"Assuming that a Photo archived on bibliographica is a published Photo"</flow:assumption>
	<rdfs:domain rdf:resource="#n48" />
	<rdfs:range rdf:resource="#o70" />
</flow:Map>


<flow:Map rdf:ID="n50o87">
	<flow:sparql><![CDATA[ prefix xsd: <http://www.w3.org/2001/XMLSchema#> prefix bibo: <http://purl.org/ontology/bibo/> prefix dc: <http://purl.org/dc/terms/> Ask { {{ ?a a bibo:image; ?b dc:issued ?b.  FILTER (year(xsd:dateTime(?b)) +50 <  year(now()) )   }]]></flow:sparql>
        <flow:assumption>"assuming the dc:issued represents the  date of creation. "</flow:assumption>
    <rdfs:domain rdf:resource="#n50" />
    <rdfs:range rdf:resource="#o77" />
</flow:Map>

<flow:Map rdf:ID="n50o88">
        <flow:sparql-not><![CDATA[ prefix xsd: <http://www.w3.org/2001/XMLSchema#> prefix bibo: <http://purl.org/ontology/bibo/> prefix dc: <http://purl.org/dc/terms/> Ask { {{ ?a a bibo:image; ?b dc:issued ?b.  FILTER (year(xsd:dateTime(?b)) +50 <  year(now()) )   }]]></flow:sparql-not>
        <flow:assumption>"Assuming the dc:issued represents date creation. "</flow:assumption>
    <rdfs:domain rdf:resource="#n50" />
    <rdfs:range rdf:resource="#o88" />
</flow:Map>

End of PHoto


</rdf:RDF>
